 usermatLib

 Timestamp is 64c92c95 (Tue Aug  1 13:02:29 2023)

 Preferred load address is 0000000180000000

 Start         Length     Name                   Class
 0001:00000000 0006fea0H .text                   CODE
 0001:0006fea0 00003eb0H .text$mn                CODE
 0001:00073d50 0000103eH .text$mn$00             CODE
 0001:00074d8e 000010deH .text$x                 CODE
 0002:00000000 00000110H .CRT$XCA                DATA
 0002:00000110 00000110H .CRT$XCZ                DATA
 0002:00000220 00000110H .CRT$XIA                DATA
 0002:00000330 00000110H .CRT$XIZ                DATA
 0002:00000440 00000110H .CRT$XPA                DATA
 0002:00000550 00000110H .CRT$XPZ                DATA
 0002:00000660 00000110H .CRT$XTA                DATA
 0002:00000770 00000110H .CRT$XTZ                DATA
 0002:00000880 00008d3cH .rdata                  DATA
 0002:000095bc 0000015cH .rdata$zzzdbg           DATA
 0002:00009718 00000110H .rtc$IAA                DATA
 0002:00009828 00000110H .rtc$IZZ                DATA
 0002:00009938 00000110H .rtc$TAA                DATA
 0002:00009a48 00000110H .rtc$TZZ                DATA
 0002:00009b58 000008f8H .xdata                  DATA
 0002:0000a450 00000157H .edata                  DATA
 0003:00000000 00000200H .data                   DATA
 0003:00000200 00000779H .bss                    DATA
 0004:00000000 00000654H .pdata                  DATA
 0005:00000000 00000538H .idata$5                DATA
 0005:00000538 000000a0H .idata$2                DATA
 0005:000005d8 00000018H .idata$3                DATA
 0005:000005f0 00000538H .idata$4                DATA
 0005:00000b28 0000073fH .idata$6                DATA
 0006:00000000 00001aa6H .trace                  DATA
 0007:00000000 00000151H .00cfg                  DATA
 0008:00000000 00000170H .rsrc$01                DATA
 0008:00000170 000002ccH .rsrc$02                DATA

  Address         Publics by Value              Rva+Base               Lib:Object

 0000:00000000       __volatile_metadata        0000000000000000     <absolute>
 0000:00000000       __dynamic_value_reloc_table 0000000000000000     <absolute>
 0000:00000000       __enclave_config           0000000000000000     <absolute>
 0000:00000000       ___safe_se_handler_count   0000000000000000     <absolute>
 0000:00000000       __arm64x_native_entrypoint 0000000000000000     <absolute>
 0000:00000000       __x64_code_ranges_to_entry_points_count 0000000000000000     <absolute>
 0000:00000000       __guard_iat_table          0000000000000000     <absolute>
 0000:00000000       __arm64x_redirection_metadata 0000000000000000     <absolute>
 0000:00000000       __arm64x_extra_rfe_table   0000000000000000     <absolute>
 0000:00000000       __hybrid_auxiliary_iat     0000000000000000     <absolute>
 0000:00000000       __hybrid_code_map          0000000000000000     <absolute>
 0000:00000000       __guard_fids_count         0000000000000000     <absolute>
 0000:00000000       __arm64x_redirection_metadata_count 0000000000000000     <absolute>
 0000:00000000       __guard_eh_cont_table      0000000000000000     <absolute>
 0000:00000000       __AbsoluteZero             0000000000000000     <absolute>
 0000:00000000       __guard_longjmp_count      0000000000000000     <absolute>
 0000:00000000       __guard_iat_count          0000000000000000     <absolute>
 0000:00000000       __guard_longjmp_table      0000000000000000     <absolute>
 0000:00000000       __guard_fids_table         0000000000000000     <absolute>
 0000:00000000       __hybrid_code_map_count    0000000000000000     <absolute>
 0000:00000000       ___safe_se_handler_table   0000000000000000     <absolute>
 0000:00000000       __x64_code_ranges_to_entry_points 0000000000000000     <absolute>
 0000:00000000       __arm64x_extra_rfe_table_size 0000000000000000     <absolute>
 0000:00000000       __guard_eh_cont_count      0000000000000000     <absolute>
 0000:00000100       __guard_flags              0000000000000100     <absolute>
 0000:00000000       __ImageBase                0000000180000000     <linker-defined>
 0001:000004fc       INVARS                     00000001800014fc f   Usermat.obj
 0001:0000265d       G1G2G3                     000000018000365d f   Usermat.obj
 0001:00005838       C1C2C3                     0000000180006838 f   Usermat.obj
 0001:00005c48       YIELD                      0000000180006c48 f   Usermat.obj
 0001:000062b3       NORMATENSOR                00000001800072b3 f   Usermat.obj
 0001:00006c1c       CALCULA_CZAO               0000000180007c1c f   Usermat.obj
 0001:0000706b       CALCULA_XI                 000000018000806b f   Usermat.obj
 0001:000074b5       CALCULA_DCDE               00000001800084b5 f   Usermat.obj
 0001:00007650       MATRIZD                    0000000180008650 f   Usermat.obj
 0001:00009abd       CEB90_TT                   000000018000aabd f   Usermat.obj
 0001:00009bbc       CEB90_FCM                  000000018000abbc f   Usermat.obj
 0001:00009d50       CEB90_EC                   000000018000ad50 f   Usermat.obj
 0001:00009fbf       CEB90_FI0                  000000018000afbf f   Usermat.obj
 0001:0000a300       CEB90_BETACTT0             000000018000b300 f   Usermat.obj
 0001:0000a5a0       CEB90_EPSLONCS             000000018000b5a0 f   Usermat.obj
 0001:0000aa45       KELPAR                     000000018000ba45 f   Usermat.obj
 0001:0000acb4       PIVOT                      000000018000bcb4 f   Usermat.obj
 0001:0000cf0a       SUBSTITUTE                 000000018000df0a f   Usermat.obj
 0001:0000e09e       MATINV                     000000018000f09e f   Usermat.obj
 0001:0001144c       JACOBI                     000000018001244c f   Usermat.obj
 0001:0001ab1f       EIGSRT                     000000018001bb1f f   Usermat.obj
 0001:0001c08c       USERMAT3D_ELASTICO         000000018001d08c f   Usermat.obj
 0001:0001dda0       USERMAT3D_EP               000000018001eda0 f   Usermat.obj
 0001:00026fa7       USERMAT3D_VP               0000000180027fa7 f   Usermat.obj
 0001:0002f9ae       USERMAT3D_EPVP             00000001800309ae f   Usermat.obj
 0001:0003f7a7       USERMAT3D_VM_ANSYS         00000001800407a7 f   Usermat.obj
 0001:0004719d       CEB90_TADJ                 000000018004819d f   Usermat.obj
 0001:0004738f       ELIMINATE                  000000018004838f f   Usermat.obj
 0001:0004914a       GAUSS_PARCIAL              000000018004a14a f   Usermat.obj
 0001:0004a07e       KELVIN_BETACTT0            000000018004b07e f   Usermat.obj
 0001:0004c9c6       USERMAT3D_VE_CONCRETO      000000018004d9c6 f   Usermat.obj
 0001:000578d4       USERMAT                    00000001800588d4 f   Usermat.obj
 0001:0006fea0       GET_ELMINFO                0000000180070ea0 f   ANSYS:ANSYS.exe
 0001:0006fea6       VZERO                      0000000180070ea6 f   ANSYS:ANSYS.exe
 0001:0006feac       GET_ELMDATA                0000000180070eac f   ANSYS:ANSYS.exe
 0001:0006feb2       VMOVE                      0000000180070eb2 f   ANSYS:ANSYS.exe
 0001:0006feb8       WRINQR                     0000000180070eb8 f   ANSYS:ANSYS.exe
 0001:0006febe       for_emit_diagnostic        0000000180070ebe f   libifcoremd:libifcoremd.dll
 0001:0006fec4       for__rtc_uninit_use_src    0000000180070ec4 f   libifcoremd:libifcoremd.dll
 0001:0006feca       for_open                   0000000180070eca f   libifcoremd:libifcoremd.dll
 0001:0006fed0       for_write_seq_lis          0000000180070ed0 f   libifcoremd:libifcoremd.dll
 0001:0006fed6       for_write_seq_lis_xmit     0000000180070ed6 f   libifcoremd:libifcoremd.dll
 0001:0006fedc       for_close                  0000000180070edc f   libifcoremd:libifcoremd.dll
 0001:0006fee2       __powr8i4                  0000000180070ee2 f   libmmd:libmmd.dll
 0001:0006fee8       asin                       0000000180070ee8 f   libmmd:libmmd.dll
 0001:0006feee       sin                        0000000180070eee f   libmmd:libmmd.dll
 0001:0006fef4       cos                        0000000180070ef4 f   libmmd:libmmd.dll
 0001:0006fefa       exp                        0000000180070efa f   libmmd:libmmd.dll
 0001:0006ff00       cbrt                       0000000180070f00 f   libmmd:libmmd.dll
 0001:0006ff06       pow                        0000000180070f06 f   libmmd:libmmd.dll
 0001:0006ff0c       _RTC_AllocaHelper          0000000180070f0c f   MSVCRT:stack.obj
 0001:0006ff50       _RTC_CheckStackVars        0000000180070f50 f   MSVCRT:stack.obj
 0001:0006ffe0       _RTC_CheckStackVars2       0000000180070fe0 f   MSVCRT:stack.obj
 0001:00070110       __chkstk                   0000000180071110 f   MSVCRT:chkstk.obj
 0001:00070110       _alloca_probe              0000000180071110 f   MSVCRT:chkstk.obj
 0001:00070584       _CRT_INIT                  0000000180071584 f   MSVCRT:dll_dllmain.obj
 0001:0007058c       _DllMainCRTStartup         000000018007158c f   MSVCRT:dll_dllmain.obj
 0001:00070670       ?_RTC_AllocaFailure@@YAXPEAXPEAU_RTC_ALLOCA_NODE@@H@Z 0000000180071670 f   MSVCRT:error.obj
 0001:00070888       ?_RTC_Failure@@YAXPEAXH@Z  0000000180071888 f   MSVCRT:error.obj
 0001:000708e8       ?_RTC_StackFailure@@YAXPEAXPEBD@Z 00000001800718e8 f   MSVCRT:error.obj
 0001:00070e30       _RTC_UninitUse             0000000180071e30 f   MSVCRT:error.obj
 0001:00070f34       __local_stdio_printf_options 0000000180071f34 f i MSVCRT:error.obj
 0001:00070f40       _vsprintf_s_l              0000000180071f40 f i MSVCRT:error.obj
 0001:00070fbc       sprintf_s                  0000000180071fbc f i MSVCRT:error.obj
 0001:000710ac       __security_init_cookie     00000001800720ac f   MSVCRT:gs_support.obj
 0001:00071184       DllMain                    0000000180072184 f   MSVCRT:dll_dllmain_stub.obj
 0001:000711b0       ?__scrt_initialize_type_info@@YAXXZ 00000001800721b0 f   MSVCRT:tncleanup.obj
 0001:000711c4       ?__scrt_uninitialize_type_info@@YAXXZ 00000001800721c4 f   MSVCRT:tncleanup.obj
 0001:000711d4       __local_stdio_scanf_options 00000001800721d4 f i MSVCRT:default_local_stdio_options.obj
 0001:000711e0       __scrt_initialize_default_local_stdio_options 00000001800721e0 f   MSVCRT:default_local_stdio_options.obj
 0001:00071204       ?configure_argv@__scrt_narrow_argv_policy@@SAHXZ 0000000180072204 f i MSVCRT:utility.obj
 0001:0007127c       ?initialize_environment@__scrt_narrow_environment_policy@@SAHXZ 000000018007227c f i MSVCRT:utility.obj
 0001:000712c0       NtCurrentTeb               00000001800722c0 f i MSVCRT:utility.obj
 0001:000712cc       __scrt_acquire_startup_lock 00000001800722cc f   MSVCRT:utility.obj
 0001:00071314       __scrt_dllmain_after_initialize_c 0000000180072314 f   MSVCRT:utility.obj
 0001:00071358       __scrt_dllmain_before_initialize_c 0000000180072358 f   MSVCRT:utility.obj
 0001:00071374       __scrt_dllmain_crt_thread_attach 0000000180072374 f   MSVCRT:utility.obj
 0001:000713a8       __scrt_dllmain_crt_thread_detach 00000001800723a8 f   MSVCRT:utility.obj
 0001:000713c4       __scrt_dllmain_exception_filter 00000001800723c4 f   MSVCRT:utility.obj
 0001:0007143c       __scrt_dllmain_uninitialize_c 000000018007243c f   MSVCRT:utility.obj
 0001:00071478       __scrt_dllmain_uninitialize_critical 0000000180072478 f   MSVCRT:utility.obj
 0001:00071494       __scrt_initialize_crt      0000000180072494 f   MSVCRT:utility.obj
 0001:000714f0       __scrt_initialize_onexit_tables 00000001800724f0 f   MSVCRT:utility.obj
 0001:000715a0       __scrt_is_nonwritable_in_current_image 00000001800725a0 f   MSVCRT:utility.obj
 0001:00071660       __scrt_release_startup_lock 0000000180072660 f   MSVCRT:utility.obj
 0001:00071690       __scrt_uninitialize_crt    0000000180072690 f   MSVCRT:utility.obj
 0001:000716c4       _onexit                    00000001800726c4 f   MSVCRT:utility.obj
 0001:0007170c       at_quick_exit              000000018007270c f   MSVCRT:utility.obj
 0001:00071730       atexit                     0000000180072730 f   MSVCRT:utility.obj
 0001:0007174c       __scrt_get_dyn_tls_init_callback 000000018007274c f   MSVCRT:dyn_tls_init.obj
 0001:00071758       __crt_debugger_hook        0000000180072758 f   MSVCRT:utility_desktop.obj
 0001:00071764       __scrt_fastfail            0000000180072764 f   MSVCRT:utility_desktop.obj
 0001:00071900       __scrt_get_show_window_mode 0000000180072900 f   MSVCRT:utility_desktop.obj
 0001:00071948       __scrt_initialize_mta      0000000180072948 f   MSVCRT:utility_desktop.obj
 0001:00071950       __scrt_initialize_winrt    0000000180072950 f   MSVCRT:utility_desktop.obj
 0001:00071954       __scrt_is_managed_app      0000000180072954 f   MSVCRT:utility_desktop.obj
 0001:000719bc       __scrt_set_unhandled_exception_filter 00000001800729bc f   MSVCRT:utility_desktop.obj
 0001:000719d0       __scrt_stub_for_initialize_mta 00000001800729d0 f   MSVCRT:utility_desktop.obj
 0001:000719d0       __scrt_exe_initialize_mta  00000001800729d0 f   MSVCRT:utility_desktop.obj
 0001:000719d4       __scrt_unhandled_exception_filter 00000001800729d4 f   MSVCRT:utility_desktop.obj
 0001:00071a48       _RTC_Initialize            0000000180072a48 f   MSVCRT:initsect.obj
 0001:00071a94       _RTC_Terminate             0000000180072a94 f   MSVCRT:initsect.obj
 0001:00071ae0       _guard_check_icall_nop     0000000180072ae0 f i MSVCRT:guard_support.obj
 0001:00071ae4       ReadNoFence64              0000000180072ae4 f i MSVCRT:guard_support.obj
 0001:00071ae8       ReadPointerNoFence         0000000180072ae8 f i MSVCRT:guard_support.obj
 0001:00071aec       _guard_icall_checks_enforced 0000000180072aec f i MSVCRT:guard_support.obj
 0001:00071b08       _guard_rf_checks_enforced  0000000180072b08 f i MSVCRT:guard_support.obj
 0001:00071b0c       ?_RTC_GetErrorFunc@@YAP6AHHPEBDH00ZZPEBX@Z 0000000180072b0c f   MSVCRT:userapi.obj
 0001:00071b18       ?_RTC_GetErrorFuncW@@YAP6AHHPEB_WH00ZZPEBX@Z 0000000180072b18 f   MSVCRT:userapi.obj
 0001:00071b24       _RTC_GetErrDesc            0000000180072b24 f   MSVCRT:userapi.obj
 0001:00071b40       _RTC_NumErrors             0000000180072b40 f   MSVCRT:userapi.obj
 0001:00071b48       _RTC_SetErrorFunc          0000000180072b48 f   MSVCRT:userapi.obj
 0001:00071b64       _RTC_SetErrorFuncW         0000000180072b64 f   MSVCRT:userapi.obj
 0001:00071b80       _RTC_SetErrorType          0000000180072b80 f   MSVCRT:userapi.obj
 0001:00071ef4       ?_RTC_GetSrcLine@@YAHPEAEPEA_WKPEAH1K@Z 0000000180072ef4 f   MSVCRT:pdblkup.obj
 0001:0007239c       __GSHandlerCheck           000000018007339c f   MSVCRT:gshandler.obj
 0001:000723c0       __GSHandlerCheckCommon     00000001800733c0 f   MSVCRT:gshandler.obj
 0001:00072450       __security_check_cookie    0000000180073450 f   MSVCRT:amdsecgs.obj
 0001:00072480       __isa_available_init       0000000180073480 f   MSVCRT:cpu_disp.obj
 0001:0007268c       _get_startup_argv_mode     000000018007368c f   MSVCRT:argv_mode.obj
 0001:00072694       __scrt_is_ucrt_dll_in_use  0000000180073694 f   MSVCRT:ucrt_detection.obj
 0001:000726b0       __raise_securityfailure    00000001800736b0 f   MSVCRT:gs_report.obj
 0001:000726f4       __report_gsfailure         00000001800736f4 f   MSVCRT:gs_report.obj
 0001:000727fc       __report_rangecheckfailure 00000001800737fc f   MSVCRT:gs_report.obj
 0001:00072814       __report_securityfailure   0000000180073814 f   MSVCRT:gs_report.obj
 0001:000728d8       __report_securityfailureEx 00000001800738d8 f   MSVCRT:gs_report.obj
 0001:00072b41       IsDebuggerPresent          0000000180073b41 f   kernel32:KERNEL32.dll
 0001:00072b47       RaiseException             0000000180073b47 f   kernel32:KERNEL32.dll
 0001:00072b4d       MultiByteToWideChar        0000000180073b4d f   kernel32:KERNEL32.dll
 0001:00072b53       WideCharToMultiByte        0000000180073b53 f   kernel32:KERNEL32.dll
 0001:00072b59       QueryPerformanceCounter    0000000180073b59 f   kernel32:KERNEL32.dll
 0001:00072b5f       GetCurrentProcessId        0000000180073b5f f   kernel32:KERNEL32.dll
 0001:00072b65       GetCurrentThreadId         0000000180073b65 f   kernel32:KERNEL32.dll
 0001:00072b6b       GetSystemTimeAsFileTime    0000000180073b6b f   kernel32:KERNEL32.dll
 0001:00072b71       DisableThreadLibraryCalls  0000000180073b71 f   kernel32:KERNEL32.dll
 0001:00072b77       InitializeSListHead        0000000180073b77 f   kernel32:KERNEL32.dll
 0001:00072b7d       RtlCaptureContext          0000000180073b7d f   kernel32:KERNEL32.dll
 0001:00072b83       RtlLookupFunctionEntry     0000000180073b83 f   kernel32:KERNEL32.dll
 0001:00072b89       RtlVirtualUnwind           0000000180073b89 f   kernel32:KERNEL32.dll
 0001:00072b8f       UnhandledExceptionFilter   0000000180073b8f f   kernel32:KERNEL32.dll
 0001:00072b95       SetUnhandledExceptionFilter 0000000180073b95 f   kernel32:KERNEL32.dll
 0001:00072b9b       GetStartupInfoW            0000000180073b9b f   kernel32:KERNEL32.dll
 0001:00072ba1       IsProcessorFeaturePresent  0000000180073ba1 f   kernel32:KERNEL32.dll
 0001:00072ba7       GetModuleHandleW           0000000180073ba7 f   kernel32:KERNEL32.dll
 0001:00072bad       GetLastError               0000000180073bad f   kernel32:KERNEL32.dll
 0001:00072bb3       HeapAlloc                  0000000180073bb3 f   kernel32:KERNEL32.dll
 0001:00072bb9       HeapFree                   0000000180073bb9 f   kernel32:KERNEL32.dll
 0001:00072bbf       GetProcessHeap             0000000180073bbf f   kernel32:KERNEL32.dll
 0001:00072bc5       VirtualQuery               0000000180073bc5 f   kernel32:KERNEL32.dll
 0001:00072bcb       FreeLibrary                0000000180073bcb f   kernel32:KERNEL32.dll
 0001:00072bd1       GetProcAddress             0000000180073bd1 f   kernel32:KERNEL32.dll
 0001:00072bd7       GetCurrentProcess          0000000180073bd7 f   kernel32:KERNEL32.dll
 0001:00072bdd       TerminateProcess           0000000180073bdd f   kernel32:KERNEL32.dll
 0001:00072be3       __C_specific_handler       0000000180073be3 f   vcruntime:VCRUNTIME140.dll
 0001:00072be9       __C_specific_handler_noexcept 0000000180073be9 f   vcruntime:VCRUNTIME140.dll
 0001:00072bef       __std_type_info_destroy_list 0000000180073bef f   vcruntime:VCRUNTIME140.dll
 0001:00072bf5       __current_exception        0000000180073bf5 f   vcruntime:VCRUNTIME140.dll
 0001:00072bfb       __current_exception_context 0000000180073bfb f   vcruntime:VCRUNTIME140.dll
 0001:00072c01       memset                     0000000180073c01 f   vcruntime:VCRUNTIME140.dll
 0001:00072c07       __vcrt_GetModuleFileNameW  0000000180073c07 f   vcruntime:VCRUNTIME140.dll
 0001:00072c0d       __vcrt_LoadLibraryExW      0000000180073c0d f   vcruntime:VCRUNTIME140.dll
 0001:00072c13       _initterm                  0000000180073c13 f   ucrt:api-ms-win-crt-runtime-l1-1-0.dll
 0001:00072c19       _initterm_e                0000000180073c19 f   ucrt:api-ms-win-crt-runtime-l1-1-0.dll
 0001:00072c1f       strcpy_s                   0000000180073c1f f   ucrt:api-ms-win-crt-string-l1-1-0.dll
 0001:00072c25       strcat_s                   0000000180073c25 f   ucrt:api-ms-win-crt-string-l1-1-0.dll
 0001:00072c2b       __stdio_common_vsprintf_s  0000000180073c2b f   ucrt:api-ms-win-crt-stdio-l1-1-0.dll
 0001:00072c31       _seh_filter_dll            0000000180073c31 f   ucrt:api-ms-win-crt-runtime-l1-1-0.dll
 0001:00072c37       _configure_narrow_argv     0000000180073c37 f   ucrt:api-ms-win-crt-runtime-l1-1-0.dll
 0001:00072c3d       _initialize_narrow_environment 0000000180073c3d f   ucrt:api-ms-win-crt-runtime-l1-1-0.dll
 0001:00072c43       _initialize_onexit_table   0000000180073c43 f   ucrt:api-ms-win-crt-runtime-l1-1-0.dll
 0001:00072c49       _register_onexit_function  0000000180073c49 f   ucrt:api-ms-win-crt-runtime-l1-1-0.dll
 0001:00072c4f       _execute_onexit_table      0000000180073c4f f   ucrt:api-ms-win-crt-runtime-l1-1-0.dll
 0001:00072c55       _crt_atexit                0000000180073c55 f   ucrt:api-ms-win-crt-runtime-l1-1-0.dll
 0001:00072c5b       _crt_at_quick_exit         0000000180073c5b f   ucrt:api-ms-win-crt-runtime-l1-1-0.dll
 0001:00072c61       _cexit                     0000000180073c61 f   ucrt:api-ms-win-crt-runtime-l1-1-0.dll
 0001:00072c67       terminate                  0000000180073c67 f   ucrt:api-ms-win-crt-runtime-l1-1-0.dll
 0001:00072c70       __scrt_stub_for_acrt_initialize 0000000180073c70 f   MSVCRT:ucrt_stubs.obj
 0001:00072c70       __vcrt_initialize          0000000180073c70 f   MSVCRT:ucrt_stubs.obj
 0001:00072c70       __acrt_initialize          0000000180073c70 f   MSVCRT:ucrt_stubs.obj
 0001:00072c74       __scrt_stub_for_acrt_thread_attach 0000000180073c74 f   MSVCRT:ucrt_stubs.obj
 0001:00072c74       __vcrt_thread_attach       0000000180073c74 f   MSVCRT:ucrt_stubs.obj
 0001:00072c74       __acrt_thread_attach       0000000180073c74 f   MSVCRT:ucrt_stubs.obj
 0001:00072c78       __scrt_stub_for_acrt_thread_detach 0000000180073c78 f   MSVCRT:ucrt_stubs.obj
 0001:00072c78       __vcrt_thread_detach       0000000180073c78 f   MSVCRT:ucrt_stubs.obj
 0001:00072c78       __acrt_thread_detach       0000000180073c78 f   MSVCRT:ucrt_stubs.obj
 0001:00072c7c       __acrt_uninitialize        0000000180073c7c f   MSVCRT:ucrt_stubs.obj
 0001:00072c7c       __vcrt_uninitialize        0000000180073c7c f   MSVCRT:ucrt_stubs.obj
 0001:00072c7c       __scrt_stub_for_acrt_uninitialize 0000000180073c7c f   MSVCRT:ucrt_stubs.obj
 0001:00072c80       __scrt_stub_for_acrt_uninitialize_critical 0000000180073c80 f   MSVCRT:ucrt_stubs.obj
 0001:00072c80       __acrt_uninitialize_critical 0000000180073c80 f   MSVCRT:ucrt_stubs.obj
 0001:00072c80       __vcrt_uninitialize_critical 0000000180073c80 f   MSVCRT:ucrt_stubs.obj
 0001:00072c84       __scrt_stub_for_is_c_termination_complete 0000000180073c84 f   MSVCRT:ucrt_stubs.obj
 0001:00072c84       _is_c_termination_complete 0000000180073c84 f   MSVCRT:ucrt_stubs.obj
 0001:00073d60       _guard_dispatch_icall_nop  0000000180074d60 f   MSVCRT:guard_dispatch.obj
 0001:00073d80       _guard_xfg_dispatch_icall_nop 0000000180074d80 f   MSVCRT:guard_xfg_dispatch.obj
 0002:00000000       __xc_a                     0000000180077000     MSVCRT:initializers.obj
 0002:00000110       __xc_z                     0000000180077110     MSVCRT:initializers.obj
 0002:00000220       __xi_a                     0000000180077220     MSVCRT:initializers.obj
 0002:00000330       __xi_z                     0000000180077330     MSVCRT:initializers.obj
 0002:00000440       __xp_a                     0000000180077440     MSVCRT:initializers.obj
 0002:00000550       __xp_z                     0000000180077550     MSVCRT:initializers.obj
 0002:00000660       __xt_a                     0000000180077660     MSVCRT:initializers.obj
 0002:00000770       __xt_z                     0000000180077770     MSVCRT:initializers.obj
 0002:000088c0       _pDefaultRawDllMain        000000018007f8c0     MSVCRT:dll_dllmain.obj
 0002:000088c0       _pRawDllMain               000000018007f8c0     MSVCRT:dll_dllmain.obj
 0002:000089b0       ??_C@_0NN@JMPELKLB@The?5value?5of?5ESP?5was?5not?5proper@ 000000018007f9b0     MSVCRT:error.obj
 0002:00008ac0       ??_C@_0BBN@ELNNILBE@A?5cast?5to?5a?5smaller?5data?5type?5h@ 000000018007fac0     MSVCRT:error.obj
 0002:00008c18       ??_C@_0BN@BPOGFMJL@Stack?5memory?5was?5corrupted?$AN?6@ 000000018007fc18     MSVCRT:error.obj
 0002:00008c40       ??_C@_0DG@DAJCDLPN@A?5local?5variable?5was?5used?5befor@ 000000018007fc40     MSVCRT:error.obj
 0002:00008c80       ??_C@_0CM@JMIDGKLA@Stack?5memory?5around?5_alloca?5was@ 000000018007fc80     MSVCRT:error.obj
 0002:00008cb8       ??_C@_0BO@CHIONIOI@Unknown?5Runtime?5Check?5Error?$AN?6@ 000000018007fcb8     MSVCRT:error.obj
 0002:00008ce0       ??_C@_1GM@CNOOJIHC@?$AAR?$AAu?$AAn?$AAt?$AAi?$AAm?$AAe?$AA?5?$AAC?$AAh?$AAe?$AAc?$AAk?$AA?5?$AAE@ 000000018007fce0     MSVCRT:error.obj
 0002:00008d70       ??_C@_1EA@NFKNIFJP@?$AAR?$AAu?$AAn?$AA?9?$AAT?$AAi?$AAm?$AAe?$AA?5?$AAC?$AAh?$AAe?$AAc?$AAk?$AA?5@ 000000018007fd70     MSVCRT:error.obj
 0002:00008dc0       ??_C@_0BB@PFFGGCJP@Unknown?5Filename@ 000000018007fdc0     MSVCRT:error.obj
 0002:00008dd8       ??_C@_0BE@GNBOBNCK@Unknown?5Module?5Name@ 000000018007fdd8     MSVCRT:error.obj
 0002:00008df0       ??_C@_0CA@IODNCDPG@Run?9Time?5Check?5Failure?5?$CD?$CFd?5?9?5?$CFs@ 000000018007fdf0     MSVCRT:error.obj
 0002:00008e18       ??_C@_0CG@IAFNJNEE@Stack?5corrupted?5near?5unknown?5va@ 000000018007fe18     MSVCRT:error.obj
 0002:00008e48       ??_C@_05MKKEDADM@?$CF?42X?5@ 000000018007fe48     MSVCRT:error.obj
 0002:00008e50       ??_C@_0EJ@LJKNEOLN@Stack?5area?5around?5_alloca?5memor@ 000000018007fe50     MSVCRT:error.obj
 0002:00008ea8       ??_C@_01EEMJAFIK@?6@       000000018007fea8     MSVCRT:error.obj
 0002:00008eac       ??_C@_02LLMPMKNF@?$DO?5@   000000018007feac     MSVCRT:error.obj
 0002:00008eb0       ??_C@_08OMAHNMHJ@?6Data?3?5?$DM@ 000000018007feb0     MSVCRT:error.obj
 0002:00008ec0       ??_C@_0CK@DKGBICFE@?6Allocation?5number?5within?5this?5@ 000000018007fec0     MSVCRT:error.obj
 0002:00008ef8       ??_C@_07DFDJCKFN@?6Size?3?5@ 000000018007fef8     MSVCRT:error.obj
 0002:00008f08       ??_C@_0N@MHFFIMFG@?6Address?3?50x@ 000000018007ff08     MSVCRT:error.obj
 0002:00008f20       ??_C@_0EI@CLEPFNGI@Stack?5area?5around?5_alloca?5memor@ 000000018007ff20     MSVCRT:error.obj
 0002:00008f78       ??_C@_0BK@ODNDAGKB@?$CFs?$CFs?$CFp?$CFs?$CFzd?$CFs?$CFd?$CFs?$CFs?$CFs?$CFs?$CFs@ 000000018007ff78     MSVCRT:error.obj
 0002:00008f98       ??_C@_0DE@OHJBPMBP@A?5variable?5is?5being?5used?5withou@ 000000018007ff98     MSVCRT:error.obj
 0002:00008fe0       __xmm@ffffffffffffffffffffffffffffffff 000000018007ffe0     MSVCRT:utility.obj
 0002:00009028       ??_C@_0BJ@HEGAHDFO@Stack?5pointer?5corruption@ 0000000180080028     MSVCRT:userapi.obj
 0002:00009048       ??_C@_0CK@FEGOIOPB@Cast?5to?5smaller?5type?5causing?5lo@ 0000000180080048     MSVCRT:userapi.obj
 0002:00009080       ??_C@_0BI@CIGMDCBH@Stack?5memory?5corruption@ 0000000180080080     MSVCRT:userapi.obj
 0002:000090a0       ??_C@_0CK@CNLNOEPB@Local?5variable?5used?5before?5init@ 00000001800800a0     MSVCRT:userapi.obj
 0002:000090d8       ??_C@_0BP@OGBCLIBO@Stack?5around?5_alloca?5corrupted@ 00000001800800d8     MSVCRT:userapi.obj
 0002:00009140       ??_C@_1EI@MLPKHBGE@?$AAa?$AAp?$AAi?$AA?9?$AAm?$AAs?$AA?9?$AAw?$AAi?$AAn?$AA?9?$AAc?$AAo?$AAr?$AAe@ 0000000180080140     MSVCRT:pdblkup.obj
 0002:00009198       ??_C@_1BK@JHLNAEJL@?$AAa?$AAd?$AAv?$AAa?$AAp?$AAi?$AA3?$AA2?$AA?4?$AAd?$AAl?$AAl@ 0000000180080198     MSVCRT:pdblkup.obj
 0002:000091b8       ??_C@_0O@COHOBMLB@RegOpenKeyExW@ 00000001800801b8     MSVCRT:pdblkup.obj
 0002:000091c8       ??_C@_0BB@GLNAEDBD@RegQueryValueExW@ 00000001800801c8     MSVCRT:pdblkup.obj
 0002:000091e0       ??_C@_0M@HLOHPNFA@RegCloseKey@ 00000001800801e0     MSVCRT:pdblkup.obj
 0002:000091f0       ??_C@_1HE@EBEAGLFB@?$AAS?$AAO?$AAF?$AAT?$AAW?$AAA?$AAR?$AAE?$AA?2?$AAW?$AAo?$AAw?$AA6?$AA4?$AA3@ 00000001800801f0     MSVCRT:pdblkup.obj
 0002:00009280       ??_C@_1BG@EABPBLLF@?$AAP?$AAr?$AAo?$AAd?$AAu?$AAc?$AAt?$AAD?$AAi?$AAr@ 0000000180080280     MSVCRT:pdblkup.obj
 0002:000092a0       ??_C@_0BB@KCIACLNC@PDBOpenValidate5@ 00000001800802a0     MSVCRT:pdblkup.obj
 0002:000092b4       ??_C@_01KDCPPGHE@r@        00000001800802b4     MSVCRT:pdblkup.obj
 0002:00009310       _load_config_used          0000000180080310     MSVCRT:loadcfg.obj
 0002:00009718       __rtc_iaa                  0000000180080718     MSVCRT:initsect.obj
 0002:00009828       __rtc_izz                  0000000180080828     MSVCRT:initsect.obj
 0002:00009938       __rtc_taa                  0000000180080938     MSVCRT:initsect.obj
 0002:00009a48       __rtc_tzz                  0000000180080a48     MSVCRT:initsect.obj
 0003:00000080       _fltused                   0000000180082080     MSVCRT:fltused.obj
 0003:00000088       ?_RTC_ErrorLevels@@3PAHA   0000000180082088     MSVCRT:error.obj
 0003:000000a0       __scrt_native_dllmain_reason 00000001800820a0     MSVCRT:utility.obj
 0003:000000b0       __security_cookie_complement 00000001800820b0     MSVCRT:gs_cookie.obj
 0003:000000b8       __security_cookie          00000001800820b8     MSVCRT:gs_cookie.obj
 0003:000000c8       __isa_available            00000001800820c8     MSVCRT:cpu_disp.obj
 0003:000000cc       __isa_enabled              00000001800820cc     MSVCRT:cpu_disp.obj
 0003:000000d0       __memcpy_nt_iters          00000001800820d0     MSVCRT:cpu_disp.obj
 0003:000000d8       __memset_nt_iters          00000001800820d8     MSVCRT:cpu_disp.obj
 0003:000000f0       __scrt_ucrt_dll_is_in_use  00000001800820f0     MSVCRT:ucrt_stubs.obj
 0003:00000218       ?_OptionsStorage@?1??__local_stdio_printf_options@@9@4_KA 0000000180082218     MSVCRT:error.obj
 0003:00000230       ?__type_info_root_node@@3U__type_info_node@@A 0000000180082230     MSVCRT:tncleanup.obj
 0003:00000248       ?_OptionsStorage@?1??__local_stdio_scanf_options@@9@4_KA 0000000180082248     MSVCRT:default_local_stdio_options.obj
 0003:00000258       __scrt_current_native_startup_state 0000000180082258     MSVCRT:utility.obj
 0003:00000260       __scrt_native_startup_lock 0000000180082260     MSVCRT:utility.obj
 0003:000002b0       __scrt_debugger_hook_flag  00000001800822b0     MSVCRT:utility_desktop.obj
 0003:000002dc       __favor                    00000001800822dc     MSVCRT:cpu_disp.obj
 0003:00000968       __dyn_tls_init_callback    0000000180082968     <common>
 0005:00000000       __imp_VZERO                0000000180084000     ANSYS:ANSYS.exe
 0005:00000008       __imp_GET_ELMDATA          0000000180084008     ANSYS:ANSYS.exe
 0005:00000010       __imp_VMOVE                0000000180084010     ANSYS:ANSYS.exe
 0005:00000018       __imp_WRINQR               0000000180084018     ANSYS:ANSYS.exe
 0005:00000020       __imp_GET_ELMINFO          0000000180084020     ANSYS:ANSYS.exe
 0005:00000028       \177ANSYS_NULL_THUNK_DATA  0000000180084028     ANSYS:ANSYS.exe
 0005:00000088       __imp_TerminateProcess     0000000180084088     kernel32:KERNEL32.dll
 0005:00000090       __imp_GetCurrentProcess    0000000180084090     kernel32:KERNEL32.dll
 0005:00000098       __imp_GetProcAddress       0000000180084098     kernel32:KERNEL32.dll
 0005:000000a0       __imp_FreeLibrary          00000001800840a0     kernel32:KERNEL32.dll
 0005:000000a8       __imp_VirtualQuery         00000001800840a8     kernel32:KERNEL32.dll
 0005:000000b0       __imp_GetProcessHeap       00000001800840b0     kernel32:KERNEL32.dll
 0005:000000b8       __imp_HeapFree             00000001800840b8     kernel32:KERNEL32.dll
 0005:000000c0       __imp_HeapAlloc            00000001800840c0     kernel32:KERNEL32.dll
 0005:000000c8       __imp_GetLastError         00000001800840c8     kernel32:KERNEL32.dll
 0005:000000d0       __imp_GetModuleHandleW     00000001800840d0     kernel32:KERNEL32.dll
 0005:000000d8       __imp_IsProcessorFeaturePresent 00000001800840d8     kernel32:KERNEL32.dll
 0005:000000e0       __imp_GetStartupInfoW      00000001800840e0     kernel32:KERNEL32.dll
 0005:000000e8       __imp_SetUnhandledExceptionFilter 00000001800840e8     kernel32:KERNEL32.dll
 0005:000000f0       __imp_UnhandledExceptionFilter 00000001800840f0     kernel32:KERNEL32.dll
 0005:000000f8       __imp_RtlVirtualUnwind     00000001800840f8     kernel32:KERNEL32.dll
 0005:00000100       __imp_IsDebuggerPresent    0000000180084100     kernel32:KERNEL32.dll
 0005:00000108       __imp_RaiseException       0000000180084108     kernel32:KERNEL32.dll
 0005:00000110       __imp_MultiByteToWideChar  0000000180084110     kernel32:KERNEL32.dll
 0005:00000118       __imp_WideCharToMultiByte  0000000180084118     kernel32:KERNEL32.dll
 0005:00000120       __imp_QueryPerformanceCounter 0000000180084120     kernel32:KERNEL32.dll
 0005:00000128       __imp_GetCurrentProcessId  0000000180084128     kernel32:KERNEL32.dll
 0005:00000130       __imp_GetCurrentThreadId   0000000180084130     kernel32:KERNEL32.dll
 0005:00000138       __imp_GetSystemTimeAsFileTime 0000000180084138     kernel32:KERNEL32.dll
 0005:00000140       __imp_DisableThreadLibraryCalls 0000000180084140     kernel32:KERNEL32.dll
 0005:00000148       __imp_InitializeSListHead  0000000180084148     kernel32:KERNEL32.dll
 0005:00000150       __imp_RtlCaptureContext    0000000180084150     kernel32:KERNEL32.dll
 0005:00000158       __imp_RtlLookupFunctionEntry 0000000180084158     kernel32:KERNEL32.dll
 0005:00000160       \177KERNEL32_NULL_THUNK_DATA 0000000180084160     kernel32:KERNEL32.dll
 0005:000001e0       __imp___vcrt_LoadLibraryExW 00000001800841e0     vcruntime:VCRUNTIME140.dll
 0005:000001e8       __imp___vcrt_GetModuleFileNameW 00000001800841e8     vcruntime:VCRUNTIME140.dll
 0005:000001f0       __imp___current_exception_context 00000001800841f0     vcruntime:VCRUNTIME140.dll
 0005:000001f8       __imp___current_exception  00000001800841f8     vcruntime:VCRUNTIME140.dll
 0005:00000200       __imp___std_type_info_destroy_list 0000000180084200     vcruntime:VCRUNTIME140.dll
 0005:00000208       __imp___C_specific_handler_noexcept 0000000180084208     vcruntime:VCRUNTIME140.dll
 0005:00000210       __imp___C_specific_handler 0000000180084210     vcruntime:VCRUNTIME140.dll
 0005:00000218       __imp_memset               0000000180084218     vcruntime:VCRUNTIME140.dll
 0005:00000220       \177VCRUNTIME140_NULL_THUNK_DATA 0000000180084220     vcruntime:VCRUNTIME140.dll
 0005:00000280       __imp__configure_narrow_argv 0000000180084280     ucrt:api-ms-win-crt-runtime-l1-1-0.dll
 0005:00000288       __imp__seh_filter_dll      0000000180084288     ucrt:api-ms-win-crt-runtime-l1-1-0.dll
 0005:00000290       __imp__initialize_narrow_environment 0000000180084290     ucrt:api-ms-win-crt-runtime-l1-1-0.dll
 0005:00000298       __imp__initterm_e          0000000180084298     ucrt:api-ms-win-crt-runtime-l1-1-0.dll
 0005:000002a0       __imp__initterm            00000001800842a0     ucrt:api-ms-win-crt-runtime-l1-1-0.dll
 0005:000002a8       __imp__initialize_onexit_table 00000001800842a8     ucrt:api-ms-win-crt-runtime-l1-1-0.dll
 0005:000002b0       __imp__register_onexit_function 00000001800842b0     ucrt:api-ms-win-crt-runtime-l1-1-0.dll
 0005:000002b8       __imp__execute_onexit_table 00000001800842b8     ucrt:api-ms-win-crt-runtime-l1-1-0.dll
 0005:000002c0       __imp__crt_atexit          00000001800842c0     ucrt:api-ms-win-crt-runtime-l1-1-0.dll
 0005:000002c8       __imp__crt_at_quick_exit   00000001800842c8     ucrt:api-ms-win-crt-runtime-l1-1-0.dll
 0005:000002d0       __imp__cexit               00000001800842d0     ucrt:api-ms-win-crt-runtime-l1-1-0.dll
 0005:000002d8       __imp_terminate            00000001800842d8     ucrt:api-ms-win-crt-runtime-l1-1-0.dll
 0005:000002e0       \177api-ms-win-crt-runtime-l1-1-0_NULL_THUNK_DATA 00000001800842e0     ucrt:api-ms-win-crt-runtime-l1-1-0.dll
 0005:00000348       __imp___stdio_common_vsprintf_s 0000000180084348     ucrt:api-ms-win-crt-stdio-l1-1-0.dll
 0005:00000350       \177api-ms-win-crt-stdio-l1-1-0_NULL_THUNK_DATA 0000000180084350     ucrt:api-ms-win-crt-stdio-l1-1-0.dll
 0005:000003a8       __imp_strcat_s             00000001800843a8     ucrt:api-ms-win-crt-string-l1-1-0.dll
 0005:000003b0       __imp_strcpy_s             00000001800843b0     ucrt:api-ms-win-crt-string-l1-1-0.dll
 0005:000003b8       \177api-ms-win-crt-string-l1-1-0_NULL_THUNK_DATA 00000001800843b8     ucrt:api-ms-win-crt-string-l1-1-0.dll
 0005:00000410       __imp_for__rtc_uninit_use_src 0000000180084410     libifcoremd:libifcoremd.dll
 0005:00000418       __imp_for_open             0000000180084418     libifcoremd:libifcoremd.dll
 0005:00000420       __imp_for_write_seq_lis    0000000180084420     libifcoremd:libifcoremd.dll
 0005:00000428       __imp_for_write_seq_lis_xmit 0000000180084428     libifcoremd:libifcoremd.dll
 0005:00000430       __imp_for_close            0000000180084430     libifcoremd:libifcoremd.dll
 0005:00000438       __imp_for_emit_diagnostic  0000000180084438     libifcoremd:libifcoremd.dll
 0005:00000440       \177libifcoremd_NULL_THUNK_DATA 0000000180084440     libifcoremd:libifcoremd.dll
 0005:000004a0       __imp_sin                  00000001800844a0     libmmd:libmmd.dll
 0005:000004a8       __imp_cos                  00000001800844a8     libmmd:libmmd.dll
 0005:000004b0       __imp_exp                  00000001800844b0     libmmd:libmmd.dll
 0005:000004b8       __imp_cbrt                 00000001800844b8     libmmd:libmmd.dll
 0005:000004c0       __imp_pow                  00000001800844c0     libmmd:libmmd.dll
 0005:000004c8       __imp_asin                 00000001800844c8     libmmd:libmmd.dll
 0005:000004d0       __imp___powr8i4            00000001800844d0     libmmd:libmmd.dll
 0005:000004d8       \177libmmd_NULL_THUNK_DATA 00000001800844d8     libmmd:libmmd.dll
 0005:00000538       __IMPORT_DESCRIPTOR_ANSYS  0000000180084538     ANSYS:ANSYS.exe
 0005:0000054c       __IMPORT_DESCRIPTOR_libifcoremd 000000018008454c     libifcoremd:libifcoremd.dll
 0005:00000560       __IMPORT_DESCRIPTOR_libmmd 0000000180084560     libmmd:libmmd.dll
 0005:00000574       __IMPORT_DESCRIPTOR_KERNEL32 0000000180084574     kernel32:KERNEL32.dll
 0005:00000588       __IMPORT_DESCRIPTOR_VCRUNTIME140 0000000180084588     vcruntime:VCRUNTIME140.dll
 0005:0000059c       __IMPORT_DESCRIPTOR_api-ms-win-crt-runtime-l1-1-0 000000018008459c     ucrt:api-ms-win-crt-runtime-l1-1-0.dll
 0005:000005b0       __IMPORT_DESCRIPTOR_api-ms-win-crt-string-l1-1-0 00000001800845b0     ucrt:api-ms-win-crt-string-l1-1-0.dll
 0005:000005c4       __IMPORT_DESCRIPTOR_api-ms-win-crt-stdio-l1-1-0 00000001800845c4     ucrt:api-ms-win-crt-stdio-l1-1-0.dll
 0005:000005d8       __NULL_IMPORT_DESCRIPTOR   00000001800845d8     ANSYS:ANSYS.exe
 0007:00000000       __guard_check_icall_fptr   0000000180088000     MSVCRT:guard_support.obj
 0007:00000010       __guard_xfg_check_icall_fptr 0000000180088010     MSVCRT:guard_support.obj
 0007:00000020       __guard_dispatch_icall_fptr 0000000180088020     MSVCRT:guard_support.obj
 0007:00000030       __guard_xfg_dispatch_icall_fptr 0000000180088030     MSVCRT:guard_support.obj
 0007:00000040       __guard_xfg_table_dispatch_icall_fptr 0000000180088040     MSVCRT:guard_support.obj

 entry point at        0001:00000271

 Static symbols

 0000:fff75000       .debug$S                   0000000180000000     usermatLib.exp
 0000:fff7a000       __guard_ehcont_?dllmain_dispatch@@YAHQEAUHINSTANCE__@@KQEAX@Z 0000000180000000     MSVCRT:dll_dllmain.obj
 0000:fff7a000       __guard_fids_?dllmain_dispatch@@YAHQEAUHINSTANCE__@@KQEAX@Z 0000000180000000     MSVCRT:dll_dllmain.obj
 0000:fff7a000       __guard_ehcont_?notify_debugger@@YAXAEBUtagEXCEPTION_VISUALCPP_DEBUG_INFO@@@Z 0000000180000000     MSVCRT:error.obj
 0000:fff7a000       __guard_fids__             0000000180000000     MSVCRT:guard_support.obj
 0000:fff7a000       __guard_fids__             0000000180000000     MSVCRT:guard_support.obj
 0000:fff7a000       __guard_fids__guard_icall_checks_enforced 0000000180000000     MSVCRT:guard_support.obj
 0000:fff7a000       __guard_ehcont___scrt_is_nonwritable_in_current_image 0000000180000000     MSVCRT:utility.obj
 0000:fff7a000       __guard_fids___scrt_set_unhandled_exception_filter 0000000180000000     MSVCRT:utility_desktop.obj
 0000:fff75000       .debug$S                   0000000180000000     vcruntime:VCRUNTIME140.dll
 0000:fff75000       .debug$S                   0000000180000000     vcruntime:VCRUNTIME140.dll
 0000:fff75000       .debug$S                   0000000180000000     vcruntime:VCRUNTIME140.dll
 0000:fff75000       .debug$S                   0000000180000000     vcruntime:VCRUNTIME140.dll
 0000:fff75000       .debug$S                   0000000180000000     vcruntime:VCRUNTIME140.dll
 0000:fff75000       .debug$S                   0000000180000000     vcruntime:VCRUNTIME140.dll
 0000:fff75000       .debug$S                   0000000180000000     vcruntime:VCRUNTIME140.dll
 0000:fff75000       .debug$S                   0000000180000000     vcruntime:VCRUNTIME140.dll
 0000:fff75000       .debug$S                   0000000180000000     ucrt:api-ms-win-crt-runtime-l1-1-0.dll
 0000:fff75000       .debug$S                   0000000180000000     ucrt:api-ms-win-crt-runtime-l1-1-0.dll
 0000:fff75000       .debug$S                   0000000180000000     ucrt:api-ms-win-crt-runtime-l1-1-0.dll
 0000:fff75000       .debug$S                   0000000180000000     ucrt:api-ms-win-crt-runtime-l1-1-0.dll
 0000:fff75000       .debug$S                   0000000180000000     ucrt:api-ms-win-crt-runtime-l1-1-0.dll
 0000:fff75000       .debug$S                   0000000180000000     ucrt:api-ms-win-crt-runtime-l1-1-0.dll
 0000:fff75000       .debug$S                   0000000180000000     ucrt:api-ms-win-crt-runtime-l1-1-0.dll
 0000:fff75000       .debug$S                   0000000180000000     ucrt:api-ms-win-crt-runtime-l1-1-0.dll
 0000:fff75000       .debug$S                   0000000180000000     ucrt:api-ms-win-crt-runtime-l1-1-0.dll
 0000:fff75000       .debug$S                   0000000180000000     ucrt:api-ms-win-crt-runtime-l1-1-0.dll
 0000:fff75000       .debug$S                   0000000180000000     ucrt:api-ms-win-crt-runtime-l1-1-0.dll
 0000:fff75000       .debug$S                   0000000180000000     ucrt:api-ms-win-crt-runtime-l1-1-0.dll
 0000:fff75000       .debug$S                   0000000180000000     ucrt:api-ms-win-crt-stdio-l1-1-0.dll
 0000:fff75000       .debug$S                   0000000180000000     ucrt:api-ms-win-crt-string-l1-1-0.dll
 0000:fff75000       .debug$S                   0000000180000000     ucrt:api-ms-win-crt-string-l1-1-0.dll
 0000:fff75000       .debug$S                   0000000180000000     kernel32:KERNEL32.dll
 0000:fff75000       .debug$S                   0000000180000000     kernel32:KERNEL32.dll
 0000:fff75000       .debug$S                   0000000180000000     kernel32:KERNEL32.dll
 0000:fff75000       .debug$S                   0000000180000000     kernel32:KERNEL32.dll
 0000:fff75000       .debug$S                   0000000180000000     kernel32:KERNEL32.dll
 0000:fff75000       .debug$S                   0000000180000000     kernel32:KERNEL32.dll
 0000:fff75000       .debug$S                   0000000180000000     kernel32:KERNEL32.dll
 0000:fff75000       .debug$S                   0000000180000000     kernel32:KERNEL32.dll
 0000:fff75000       .debug$S                   0000000180000000     kernel32:KERNEL32.dll
 0000:fff75000       .debug$S                   0000000180000000     kernel32:KERNEL32.dll
 0000:fff75000       .debug$S                   0000000180000000     kernel32:KERNEL32.dll
 0000:fff75000       .debug$S                   0000000180000000     kernel32:KERNEL32.dll
 0000:fff75000       .debug$S                   0000000180000000     kernel32:KERNEL32.dll
 0000:fff75000       .debug$S                   0000000180000000     kernel32:KERNEL32.dll
 0000:fff75000       .debug$S                   0000000180000000     kernel32:KERNEL32.dll
 0000:fff75000       .debug$S                   0000000180000000     kernel32:KERNEL32.dll
 0000:fff75000       .debug$S                   0000000180000000     kernel32:KERNEL32.dll
 0000:fff75000       .debug$S                   0000000180000000     kernel32:KERNEL32.dll
 0000:fff75000       .debug$S                   0000000180000000     kernel32:KERNEL32.dll
 0000:fff75000       .debug$S                   0000000180000000     kernel32:KERNEL32.dll
 0000:fff75000       .debug$S                   0000000180000000     kernel32:KERNEL32.dll
 0000:fff75000       .debug$S                   0000000180000000     kernel32:KERNEL32.dll
 0000:fff75000       .debug$S                   0000000180000000     kernel32:KERNEL32.dll
 0000:fff75000       .debug$S                   0000000180000000     kernel32:KERNEL32.dll
 0000:fff75000       .debug$S                   0000000180000000     kernel32:KERNEL32.dll
 0000:fff75000       .debug$S                   0000000180000000     kernel32:KERNEL32.dll
 0000:fff75000       .debug$S                   0000000180000000     kernel32:KERNEL32.dll
 0000:fff75000       .debug$S                   0000000180000000     ANSYS:ANSYS.exe
 0000:fff75000       .debug$S                   0000000180000000     ANSYS:ANSYS.exe
 0000:fff75000       .debug$S                   0000000180000000     ANSYS:ANSYS.exe
 0000:fff75000       .debug$S                   0000000180000000     ANSYS:ANSYS.exe
 0000:fff75000       .debug$S                   0000000180000000     ANSYS:ANSYS.exe
 0000:fff75000       .debug$S                   0000000180000000     libifcoremd:libifcoremd.dll
 0000:fff75000       .debug$S                   0000000180000000     libifcoremd:libifcoremd.dll
 0000:fff75000       .debug$S                   0000000180000000     libifcoremd:libifcoremd.dll
 0000:fff75000       .debug$S                   0000000180000000     libifcoremd:libifcoremd.dll
 0000:fff75000       .debug$S                   0000000180000000     libifcoremd:libifcoremd.dll
 0000:fff75000       .debug$S                   0000000180000000     libifcoremd:libifcoremd.dll
 0000:fff75000       .debug$S                   0000000180000000     libmmd:libmmd.dll
 0000:fff75000       .debug$S                   0000000180000000     libmmd:libmmd.dll
 0000:fff75000       .debug$S                   0000000180000000     libmmd:libmmd.dll
 0000:fff75000       .debug$S                   0000000180000000     libmmd:libmmd.dll
 0000:fff75000       .debug$S                   0000000180000000     libmmd:libmmd.dll
 0000:fff75000       .debug$S                   0000000180000000     libmmd:libmmd.dll
 0000:fff75000       .debug$S                   0000000180000000     libmmd:libmmd.dll
 0001:00070100       $$000000                   0000000180071100     MSVCRT:chkstk.obj
 0001:0007017c       ?dllmain_crt_dispatch@@YAHQEAUHINSTANCE__@@KQEAX@Z 000000018007117c f   MSVCRT:dll_dllmain.obj
 0001:000701e0       ?dllmain_crt_process_attach@@YAHQEAUHINSTANCE__@@QEAX@Z 00000001800711e0 f   MSVCRT:dll_dllmain.obj
 0001:0007033c       ?dllmain_crt_process_detach@@YAH_N@Z 000000018007133c f   MSVCRT:dll_dllmain.obj
 0001:000703e4       ?dllmain_dispatch@@YAHQEAUHINSTANCE__@@KQEAX@Z 00000001800713e4 f   MSVCRT:dll_dllmain.obj
 0001:00070564       ?dllmain_raw@@YAHQEAUHINSTANCE__@@KQEAX@Z 0000000180071564 f   MSVCRT:dll_dllmain.obj
 0001:000705d8       ?DebuggerProbe@@YA_NK@Z    00000001800715d8 f   MSVCRT:error.obj
 0001:0007061c       ?DebuggerRuntime@@YA_NKHPEAXPEB_W@Z 000000018007161c f   MSVCRT:error.obj
 0001:000709e4       ?_getMemBlockDataString@@YAXPEAD0PEBD_K@Z 00000001800719e4 f   MSVCRT:error.obj
 0001:00070ab4       ?_strlen_priv@@YA_KPEBD@Z  0000000180071ab4 f   MSVCRT:error.obj
 0001:00070acc       ?failwithmessage@@YAXPEAXHHPEBD@Z 0000000180071acc f   MSVCRT:error.obj
 0001:00070e08       ?notify_debugger@@YAXAEBUtagEXCEPTION_VISUALCPP_DEBUG_INFO@@@Z 0000000180071e08 f   MSVCRT:error.obj
 0001:00071024       __get_entropy              0000000180072024 f   MSVCRT:gs_support.obj
 0001:00071220       ?find_pe_section@@YAPEAU_IMAGE_SECTION_HEADER@@QEAE_K@Z 0000000180072220 f   MSVCRT:utility.obj
 0001:00071284       ?is_potentially_valid_image_base@@YA_NQEAX@Z 0000000180072284 f   MSVCRT:utility.obj
 0001:00071ba4       ?GetPdbDll@@YAPEAUHINSTANCE__@@XZ 0000000180072ba4 f   MSVCRT:pdblkup.obj
 0001:00071bd4       ?GetPdbDllFromInstallPath@@YAPEAUHINSTANCE__@@XZ 0000000180072bd4 f   MSVCRT:pdblkup.obj
 0001:00072440       $$000000                   0000000180073440     MSVCRT:amdsecgs.obj
 0001:00072a2c       capture_current_context    0000000180073a2c f   MSVCRT:gs_report.obj
 0001:00072ab4       capture_previous_context   0000000180073ab4 f   MSVCRT:gs_report.obj
 0001:00073d50       $$000000                   0000000180074d50     MSVCRT:guard_dispatch.obj
 0001:00073d70       $$000000                   0000000180074d70     MSVCRT:guard_xfg_dispatch.obj
 0001:00074d8e       ?fin$0@?0??dllmain_crt_process_attach@@YAHQEAUHINSTANCE__@@QEAX@Z@4HA 0000000180075d8e f   MSVCRT:dll_dllmain.obj
 0001:00074daa       ?fin$0@?0??dllmain_crt_process_detach@@YAH_N@Z@4HA 0000000180075daa f   MSVCRT:dll_dllmain.obj
 0001:00074dc3       ?fin$1@?0??dllmain_crt_process_detach@@YAH_N@Z@4HA 0000000180075dc3 f   MSVCRT:dll_dllmain.obj
 0001:00074de2       ?filt$0@?0??dllmain_dispatch@@YAHQEAUHINSTANCE__@@KQEAX@Z@4HA 0000000180075de2 f   MSVCRT:dll_dllmain.obj
 0001:00074e25       ?filt$0@?0??notify_debugger@@YAXAEBUtagEXCEPTION_VISUALCPP_DEBUG_INFO@@@Z@4HA 0000000180075e25 f   MSVCRT:error.obj
 0001:00074e4d       __scrt_is_nonwritable_in_current_image$filt$0 0000000180075e4d f   MSVCRT:utility.obj
 0002:00000880       _2il0floatpacket.8         0000000180077880     Usermat.obj
 0002:00000890       _2il0floatpacket.0         0000000180077890     Usermat.obj
 0002:00000898       _2il0floatpacket.1         0000000180077898     Usermat.obj
 0002:000008a0       _2il0floatpacket.2         00000001800778a0     Usermat.obj
 0002:000008a8       _2il0floatpacket.3         00000001800778a8     Usermat.obj
 0002:000008b0       _2il0floatpacket.4         00000001800778b0     Usermat.obj
 0002:000008b8       _2il0floatpacket.6         00000001800778b8     Usermat.obj
 0002:000008c0       _2il0floatpacket.7         00000001800778c0     Usermat.obj
 0002:000008c8       _2il0floatpacket.9         00000001800778c8     Usermat.obj
 0002:00000920       __STRLITPACK_0             0000000180077920     Usermat.obj
 0002:000009a0       __STRLITPACK_11            00000001800779a0     Usermat.obj
 0002:00000a08       __STRLITPACK_1             0000000180077a08     Usermat.obj
 0002:00000a10       __STRLITPACK_2             0000000180077a10     Usermat.obj
 0002:00000a18       __STRLITPACK_3             0000000180077a18     Usermat.obj
 0002:00000a20       __STRLITPACK_4             0000000180077a20     Usermat.obj
 0002:00000a28       __STRLITPACK_5             0000000180077a28     Usermat.obj
 0002:00000a30       __STRLITPACK_6             0000000180077a30     Usermat.obj
 0002:00000a38       __STRLITPACK_7             0000000180077a38     Usermat.obj
 0002:00000a40       __STRLITPACK_8             0000000180077a40     Usermat.obj
 0002:00000a48       __STRLITPACK_9             0000000180077a48     Usermat.obj
 0002:00000a50       __STRLITPACK_10            0000000180077a50     Usermat.obj
 0002:00000a58       __STRLITPACK_12            0000000180077a58     Usermat.obj
 0002:00000a60       __STRLITPACK_13            0000000180077a60     Usermat.obj
 0002:00000a68       __STRLITPACK_14            0000000180077a68     Usermat.obj
 0002:00000a70       __STRLITPACK_15            0000000180077a70     Usermat.obj
 0002:00000a78       __STRLITPACK_16            0000000180077a78     Usermat.obj
 0002:00000a80       __STRLITPACK_17            0000000180077a80     Usermat.obj
 0002:00000a88       __STRLITPACK_18            0000000180077a88     Usermat.obj
 0002:00000a90       __STRLITPACK_19            0000000180077a90     Usermat.obj
 0002:00000a98       __STRLITPACK_20            0000000180077a98     Usermat.obj
 0002:00000aa0       __STRLITPACK_21            0000000180077aa0     Usermat.obj
 0002:00000aa8       __STRLITPACK_22            0000000180077aa8     Usermat.obj
 0002:00000aac       __STRLITPACK_23            0000000180077aac     Usermat.obj
 0002:00000ab0       __STRLITPACK_24            0000000180077ab0     Usermat.obj
 0002:00000ab8       __STRLITPACK_25            0000000180077ab8     Usermat.obj
 0002:00000ac0       __STRLITPACK_26            0000000180077ac0     Usermat.obj
 0002:00000ac4       __STRLITPACK_27            0000000180077ac4     Usermat.obj
 0002:00000ac8       __STRLITPACK_28            0000000180077ac8     Usermat.obj
 0002:00000acc       __STRLITPACK_29            0000000180077acc     Usermat.obj
 0002:00000ad0       __STRLITPACK_30            0000000180077ad0     Usermat.obj
 0002:00000ad4       __STRLITPACK_31            0000000180077ad4     Usermat.obj
 0002:00000ad8       __STRLITPACK_32            0000000180077ad8     Usermat.obj
 0002:00000adc       __STRLITPACK_33            0000000180077adc     Usermat.obj
 0002:00000ae0       __STRLITPACK_34            0000000180077ae0     Usermat.obj
 0002:00000ae4       __STRLITPACK_35            0000000180077ae4     Usermat.obj
 0002:00000ae8       __STRLITPACK_36            0000000180077ae8     Usermat.obj
 0002:00000aec       __STRLITPACK_37            0000000180077aec     Usermat.obj
 0002:00000af0       __STRLITPACK_38            0000000180077af0     Usermat.obj
 0002:00000af4       __STRLITPACK_39            0000000180077af4     Usermat.obj
 0002:00000b40       __STRLITPACK_40            0000000180077b40     Usermat.obj
 0002:00000bc0       __STRLITPACK_52            0000000180077bc0     Usermat.obj
 0002:00000c28       __STRLITPACK_41            0000000180077c28     Usermat.obj
 0002:00000c2c       __STRLITPACK_42            0000000180077c2c     Usermat.obj
 0002:00000c30       __STRLITPACK_43            0000000180077c30     Usermat.obj
 0002:00000c34       __STRLITPACK_44            0000000180077c34     Usermat.obj
 0002:00000c38       __STRLITPACK_45            0000000180077c38     Usermat.obj
 0002:00000c3c       __STRLITPACK_46            0000000180077c3c     Usermat.obj
 0002:00000c40       __STRLITPACK_47            0000000180077c40     Usermat.obj
 0002:00000c44       __STRLITPACK_48            0000000180077c44     Usermat.obj
 0002:00000c48       __STRLITPACK_49            0000000180077c48     Usermat.obj
 0002:00000c4c       __STRLITPACK_50            0000000180077c4c     Usermat.obj
 0002:00000c50       __STRLITPACK_51            0000000180077c50     Usermat.obj
 0002:00000c54       __STRLITPACK_53            0000000180077c54     Usermat.obj
 0002:00000c58       __STRLITPACK_54            0000000180077c58     Usermat.obj
 0002:00000c5c       __STRLITPACK_55            0000000180077c5c     Usermat.obj
 0002:00000c60       __STRLITPACK_56            0000000180077c60     Usermat.obj
 0002:00000c64       __STRLITPACK_57            0000000180077c64     Usermat.obj
 0002:00000c68       __STRLITPACK_58            0000000180077c68     Usermat.obj
 0002:00000c6c       __STRLITPACK_59            0000000180077c6c     Usermat.obj
 0002:00000c70       __STRLITPACK_60            0000000180077c70     Usermat.obj
 0002:00000c74       __STRLITPACK_61            0000000180077c74     Usermat.obj
 0002:00000c78       __STRLITPACK_62            0000000180077c78     Usermat.obj
 0002:00000c7c       __STRLITPACK_63            0000000180077c7c     Usermat.obj
 0002:00000c80       __STRLITPACK_64            0000000180077c80     Usermat.obj
 0002:00000c84       __STRLITPACK_65            0000000180077c84     Usermat.obj
 0002:00000c88       __STRLITPACK_66            0000000180077c88     Usermat.obj
 0002:00000c8c       __STRLITPACK_67            0000000180077c8c     Usermat.obj
 0002:00000c90       __STRLITPACK_68            0000000180077c90     Usermat.obj
 0002:00000c94       __STRLITPACK_69            0000000180077c94     Usermat.obj
 0002:00000c98       __STRLITPACK_70            0000000180077c98     Usermat.obj
 0002:00000c9c       __STRLITPACK_71            0000000180077c9c     Usermat.obj
 0002:00000ca0       __STRLITPACK_72            0000000180077ca0     Usermat.obj
 0002:00000ca4       __STRLITPACK_73            0000000180077ca4     Usermat.obj
 0002:00000ca8       __STRLITPACK_74            0000000180077ca8     Usermat.obj
 0002:00000cac       __STRLITPACK_75            0000000180077cac     Usermat.obj
 0002:00000cb0       __STRLITPACK_76            0000000180077cb0     Usermat.obj
 0002:00000cb4       __STRLITPACK_77            0000000180077cb4     Usermat.obj
 0002:00000cb8       __STRLITPACK_78            0000000180077cb8     Usermat.obj
 0002:00000cbc       __STRLITPACK_79            0000000180077cbc     Usermat.obj
 0002:00000cc0       __STRLITPACK_80            0000000180077cc0     Usermat.obj
 0002:00000cc4       __STRLITPACK_81            0000000180077cc4     Usermat.obj
 0002:00000cc8       __STRLITPACK_82            0000000180077cc8     Usermat.obj
 0002:00000ccc       __STRLITPACK_83            0000000180077ccc     Usermat.obj
 0002:00000cd0       __STRLITPACK_84            0000000180077cd0     Usermat.obj
 0002:00000cd4       __STRLITPACK_85            0000000180077cd4     Usermat.obj
 0002:00000cd8       __STRLITPACK_86            0000000180077cd8     Usermat.obj
 0002:00000cdc       __STRLITPACK_87            0000000180077cdc     Usermat.obj
 0002:00000ce0       __STRLITPACK_88            0000000180077ce0     Usermat.obj
 0002:00000ce4       __STRLITPACK_89            0000000180077ce4     Usermat.obj
 0002:00000ce8       __STRLITPACK_90            0000000180077ce8     Usermat.obj
 0002:00000cec       __STRLITPACK_91            0000000180077cec     Usermat.obj
 0002:00000cf0       __STRLITPACK_92            0000000180077cf0     Usermat.obj
 0002:00000cf4       __STRLITPACK_93            0000000180077cf4     Usermat.obj
 0002:00000cf8       __STRLITPACK_94            0000000180077cf8     Usermat.obj
 0002:00000cfc       __STRLITPACK_95            0000000180077cfc     Usermat.obj
 0002:00000d00       __STRLITPACK_96            0000000180077d00     Usermat.obj
 0002:00000d04       __STRLITPACK_97            0000000180077d04     Usermat.obj
 0002:00000d08       __STRLITPACK_98            0000000180077d08     Usermat.obj
 0002:00000d0c       __STRLITPACK_99            0000000180077d0c     Usermat.obj
 0002:00000d10       __STRLITPACK_100           0000000180077d10     Usermat.obj
 0002:00000d14       __STRLITPACK_101           0000000180077d14     Usermat.obj
 0002:00000d18       __STRLITPACK_102           0000000180077d18     Usermat.obj
 0002:00000d1c       __STRLITPACK_103           0000000180077d1c     Usermat.obj
 0002:00000d20       _2il0floatpacket.11        0000000180077d20     Usermat.obj
 0002:00000d60       _2il0floatpacket.14        0000000180077d60     Usermat.obj
 0002:00000de0       __STRLITPACK_104           0000000180077de0     Usermat.obj
 0002:00000e4c       __STRLITPACK_105           0000000180077e4c     Usermat.obj
 0002:00000e54       __STRLITPACK_106           0000000180077e54     Usermat.obj
 0002:00000e5c       __STRLITPACK_107           0000000180077e5c     Usermat.obj
 0002:00000e64       __STRLITPACK_108           0000000180077e64     Usermat.obj
 0002:00000e6c       __STRLITPACK_109           0000000180077e6c     Usermat.obj
 0002:00000e74       __STRLITPACK_110           0000000180077e74     Usermat.obj
 0002:00000e7c       __STRLITPACK_111           0000000180077e7c     Usermat.obj
 0002:00000e84       __STRLITPACK_112           0000000180077e84     Usermat.obj
 0002:00000e8c       __STRLITPACK_113           0000000180077e8c     Usermat.obj
 0002:00000e94       __STRLITPACK_114           0000000180077e94     Usermat.obj
 0002:00000ea0       _2il0floatpacket.16        0000000180077ea0     Usermat.obj
 0002:00000ea8       _2il0floatpacket.17        0000000180077ea8     Usermat.obj
 0002:00000ee8       __RTCu_2$.1                0000000180077ee8     Usermat.obj
 0002:00000efc       __RTCu_2$.2                0000000180077efc     Usermat.obj
 0002:00000f1c       __RTCu_2$.3                0000000180077f1c     Usermat.obj
 0002:00001000       __STRLITPACK_115           0000000180078000     Usermat.obj
 0002:00001080       __STRLITPACK_152           0000000180078080     Usermat.obj
 0002:000010e8       __STRLITPACK_116           00000001800780e8     Usermat.obj
 0002:000010ec       __STRLITPACK_117           00000001800780ec     Usermat.obj
 0002:000010f0       __STRLITPACK_118           00000001800780f0     Usermat.obj
 0002:000010f4       __STRLITPACK_119           00000001800780f4     Usermat.obj
 0002:000010f8       __STRLITPACK_120           00000001800780f8     Usermat.obj
 0002:000010fc       __STRLITPACK_121           00000001800780fc     Usermat.obj
 0002:00001100       __STRLITPACK_122           0000000180078100     Usermat.obj
 0002:00001104       __STRLITPACK_123           0000000180078104     Usermat.obj
 0002:00001108       __STRLITPACK_124           0000000180078108     Usermat.obj
 0002:0000110c       __STRLITPACK_125           000000018007810c     Usermat.obj
 0002:00001110       __STRLITPACK_126           0000000180078110     Usermat.obj
 0002:00001114       __STRLITPACK_127           0000000180078114     Usermat.obj
 0002:00001118       __STRLITPACK_128           0000000180078118     Usermat.obj
 0002:0000111c       __STRLITPACK_129           000000018007811c     Usermat.obj
 0002:00001120       __STRLITPACK_130           0000000180078120     Usermat.obj
 0002:00001124       __STRLITPACK_131           0000000180078124     Usermat.obj
 0002:00001128       __STRLITPACK_132           0000000180078128     Usermat.obj
 0002:0000112c       __STRLITPACK_133           000000018007812c     Usermat.obj
 0002:00001130       __STRLITPACK_134           0000000180078130     Usermat.obj
 0002:00001134       __STRLITPACK_135           0000000180078134     Usermat.obj
 0002:00001138       __STRLITPACK_136           0000000180078138     Usermat.obj
 0002:0000113c       __STRLITPACK_137           000000018007813c     Usermat.obj
 0002:00001140       __STRLITPACK_138           0000000180078140     Usermat.obj
 0002:00001144       __STRLITPACK_139           0000000180078144     Usermat.obj
 0002:00001148       __STRLITPACK_140           0000000180078148     Usermat.obj
 0002:0000114c       __STRLITPACK_141           000000018007814c     Usermat.obj
 0002:00001150       __STRLITPACK_142           0000000180078150     Usermat.obj
 0002:00001154       __STRLITPACK_143           0000000180078154     Usermat.obj
 0002:00001158       __STRLITPACK_144           0000000180078158     Usermat.obj
 0002:0000115c       __STRLITPACK_145           000000018007815c     Usermat.obj
 0002:00001160       __STRLITPACK_146           0000000180078160     Usermat.obj
 0002:00001164       __STRLITPACK_147           0000000180078164     Usermat.obj
 0002:00001168       __STRLITPACK_148           0000000180078168     Usermat.obj
 0002:0000116c       __STRLITPACK_149           000000018007816c     Usermat.obj
 0002:00001170       __STRLITPACK_150           0000000180078170     Usermat.obj
 0002:00001174       __STRLITPACK_151           0000000180078174     Usermat.obj
 0002:00001178       __STRLITPACK_153           0000000180078178     Usermat.obj
 0002:0000117c       __STRLITPACK_154           000000018007817c     Usermat.obj
 0002:00001180       __STRLITPACK_155           0000000180078180     Usermat.obj
 0002:00001184       __STRLITPACK_156           0000000180078184     Usermat.obj
 0002:00001188       __STRLITPACK_157           0000000180078188     Usermat.obj
 0002:0000118c       __STRLITPACK_158           000000018007818c     Usermat.obj
 0002:00001190       __STRLITPACK_159           0000000180078190     Usermat.obj
 0002:00001194       __STRLITPACK_160           0000000180078194     Usermat.obj
 0002:00001198       __STRLITPACK_161           0000000180078198     Usermat.obj
 0002:0000119c       __STRLITPACK_162           000000018007819c     Usermat.obj
 0002:000011a0       _2il0floatpacket.22        00000001800781a0     Usermat.obj
 0002:000011a8       _2il0floatpacket.23        00000001800781a8     Usermat.obj
 0002:000011b0       _2il0floatpacket.24        00000001800781b0     Usermat.obj
 0002:000011f0       _2il0floatpacket.26        00000001800781f0     Usermat.obj
 0002:000011f8       _2il0floatpacket.27        00000001800781f8     Usermat.obj
 0002:00001200       _2il0floatpacket.28        0000000180078200     Usermat.obj
 0002:00001208       _2il0floatpacket.29        0000000180078208     Usermat.obj
 0002:00001248       _2il0floatpacket.31        0000000180078248     Usermat.obj
 0002:00001250       _2il0floatpacket.32        0000000180078250     Usermat.obj
 0002:00001290       _2il0floatpacket.34        0000000180078290     Usermat.obj
 0002:00001298       _2il0floatpacket.35        0000000180078298     Usermat.obj
 0002:000012a0       _2il0floatpacket.36        00000001800782a0     Usermat.obj
 0002:000012a8       _2il0floatpacket.37        00000001800782a8     Usermat.obj
 0002:000012b0       _2il0floatpacket.38        00000001800782b0     Usermat.obj
 0002:000012b8       _2il0floatpacket.39        00000001800782b8     Usermat.obj
 0002:000012c0       _2il0floatpacket.40        00000001800782c0     Usermat.obj
 0002:000012c8       _2il0floatpacket.41        00000001800782c8     Usermat.obj
 0002:000012d0       _2il0floatpacket.42        00000001800782d0     Usermat.obj
 0002:00001310       _2il0floatpacket.44        0000000180078310     Usermat.obj
 0002:00001318       _2il0floatpacket.45        0000000180078318     Usermat.obj
 0002:00001320       _2il0floatpacket.46        0000000180078320     Usermat.obj
 0002:00001328       _2il0floatpacket.47        0000000180078328     Usermat.obj
 0002:00001330       _2il0floatpacket.48        0000000180078330     Usermat.obj
 0002:00001370       _2il0floatpacket.50        0000000180078370     Usermat.obj
 0002:00001378       _2il0floatpacket.51        0000000180078378     Usermat.obj
 0002:00001380       _2il0floatpacket.52        0000000180078380     Usermat.obj
 0002:00001388       _2il0floatpacket.53        0000000180078388     Usermat.obj
 0002:00001390       _2il0floatpacket.54        0000000180078390     Usermat.obj
 0002:00001398       _2il0floatpacket.55        0000000180078398     Usermat.obj
 0002:000013a0       _2il0floatpacket.56        00000001800783a0     Usermat.obj
 0002:000013a8       _2il0floatpacket.57        00000001800783a8     Usermat.obj
 0002:000013b0       _2il0floatpacket.59        00000001800783b0     Usermat.obj
 0002:000013b8       _2il0floatpacket.60        00000001800783b8     Usermat.obj
 0002:000013f8       __RTCu_2$.4                00000001800783f8     Usermat.obj
 0002:00001410       __RTCu_2$.5                0000000180078410     Usermat.obj
 0002:00001430       __RTCu_2$.6                0000000180078430     Usermat.obj
 0002:00001450       __RTCu_2$.7                0000000180078450     Usermat.obj
 0002:00001470       _2il0floatpacket.61        0000000180078470     Usermat.obj
 0002:000014a8       _2il0floatpacket.63        00000001800784a8     Usermat.obj
 0002:000014c0       _2il0floatpacket.65        00000001800784c0     Usermat.obj
 0002:00001520       __STRLITPACK_163           0000000180078520     Usermat.obj
 0002:000015a0       __STRLITPACK_165           00000001800785a0     Usermat.obj
 0002:0000160c       __STRLITPACK_164           000000018007860c     Usermat.obj
 0002:00001610       __STRLITPACK_166           0000000180078610     Usermat.obj
 0002:00001614       __STRLITPACK_167           0000000180078614     Usermat.obj
 0002:00001618       __STRLITPACK_168           0000000180078618     Usermat.obj
 0002:0000161c       __STRLITPACK_169           000000018007861c     Usermat.obj
 0002:00001620       __STRLITPACK_170           0000000180078620     Usermat.obj
 0002:00001624       __STRLITPACK_171           0000000180078624     Usermat.obj
 0002:00001628       __STRLITPACK_172           0000000180078628     Usermat.obj
 0002:0000162c       __STRLITPACK_173           000000018007862c     Usermat.obj
 0002:00001630       __STRLITPACK_174           0000000180078630     Usermat.obj
 0002:00001634       __STRLITPACK_175           0000000180078634     Usermat.obj
 0002:00001638       __STRLITPACK_176           0000000180078638     Usermat.obj
 0002:0000163c       __STRLITPACK_177           000000018007863c     Usermat.obj
 0002:00001640       __STRLITPACK_178           0000000180078640     Usermat.obj
 0002:00001644       __STRLITPACK_179           0000000180078644     Usermat.obj
 0002:00001648       __STRLITPACK_180           0000000180078648     Usermat.obj
 0002:0000164c       __STRLITPACK_181           000000018007864c     Usermat.obj
 0002:00001650       __STRLITPACK_182           0000000180078650     Usermat.obj
 0002:00001654       __STRLITPACK_183           0000000180078654     Usermat.obj
 0002:00001658       __STRLITPACK_184           0000000180078658     Usermat.obj
 0002:0000165c       __STRLITPACK_185           000000018007865c     Usermat.obj
 0002:00001660       __STRLITPACK_186           0000000180078660     Usermat.obj
 0002:00001664       __STRLITPACK_187           0000000180078664     Usermat.obj
 0002:00001668       __STRLITPACK_188           0000000180078668     Usermat.obj
 0002:0000166c       __STRLITPACK_189           000000018007866c     Usermat.obj
 0002:00001670       __STRLITPACK_190           0000000180078670     Usermat.obj
 0002:00001674       __STRLITPACK_191           0000000180078674     Usermat.obj
 0002:00001678       __STRLITPACK_192           0000000180078678     Usermat.obj
 0002:0000167c       __STRLITPACK_193           000000018007867c     Usermat.obj
 0002:00001680       __STRLITPACK_194           0000000180078680     Usermat.obj
 0002:00001684       __STRLITPACK_195           0000000180078684     Usermat.obj
 0002:00001688       __STRLITPACK_196           0000000180078688     Usermat.obj
 0002:0000168c       __STRLITPACK_197           000000018007868c     Usermat.obj
 0002:00001690       __STRLITPACK_198           0000000180078690     Usermat.obj
 0002:00001694       __STRLITPACK_199           0000000180078694     Usermat.obj
 0002:00001698       __STRLITPACK_200           0000000180078698     Usermat.obj
 0002:0000169c       __STRLITPACK_201           000000018007869c     Usermat.obj
 0002:000016a0       __STRLITPACK_202           00000001800786a0     Usermat.obj
 0002:000016a4       __STRLITPACK_203           00000001800786a4     Usermat.obj
 0002:000016a8       __STRLITPACK_204           00000001800786a8     Usermat.obj
 0002:000016ac       __STRLITPACK_205           00000001800786ac     Usermat.obj
 0002:000016b0       __STRLITPACK_206           00000001800786b0     Usermat.obj
 0002:000016b4       __STRLITPACK_207           00000001800786b4     Usermat.obj
 0002:000016b8       __STRLITPACK_208           00000001800786b8     Usermat.obj
 0002:00001700       __STRLITPACK_209           0000000180078700     Usermat.obj
 0002:00001780       __STRLITPACK_211           0000000180078780     Usermat.obj
 0002:000017ec       __STRLITPACK_210           00000001800787ec     Usermat.obj
 0002:000017f0       __STRLITPACK_212           00000001800787f0     Usermat.obj
 0002:000017f4       __STRLITPACK_213           00000001800787f4     Usermat.obj
 0002:000017f8       __STRLITPACK_214           00000001800787f8     Usermat.obj
 0002:000017fc       __STRLITPACK_215           00000001800787fc     Usermat.obj
 0002:00001800       __STRLITPACK_216           0000000180078800     Usermat.obj
 0002:00001804       __STRLITPACK_217           0000000180078804     Usermat.obj
 0002:00001808       __STRLITPACK_218           0000000180078808     Usermat.obj
 0002:0000180c       __STRLITPACK_219           000000018007880c     Usermat.obj
 0002:00001810       __STRLITPACK_220           0000000180078810     Usermat.obj
 0002:00001814       __STRLITPACK_221           0000000180078814     Usermat.obj
 0002:00001818       __STRLITPACK_222           0000000180078818     Usermat.obj
 0002:0000181c       __STRLITPACK_223           000000018007881c     Usermat.obj
 0002:00001820       __STRLITPACK_224           0000000180078820     Usermat.obj
 0002:00001824       __STRLITPACK_225           0000000180078824     Usermat.obj
 0002:00001828       __STRLITPACK_226           0000000180078828     Usermat.obj
 0002:0000182c       __STRLITPACK_227           000000018007882c     Usermat.obj
 0002:00001830       __STRLITPACK_228           0000000180078830     Usermat.obj
 0002:00001834       __STRLITPACK_229           0000000180078834     Usermat.obj
 0002:00001838       __STRLITPACK_230           0000000180078838     Usermat.obj
 0002:0000183c       __STRLITPACK_231           000000018007883c     Usermat.obj
 0002:00001840       __STRLITPACK_232           0000000180078840     Usermat.obj
 0002:00001880       __STRLITPACK_233           0000000180078880     Usermat.obj
 0002:00001900       __STRLITPACK_235           0000000180078900     Usermat.obj
 0002:0000196c       __STRLITPACK_234           000000018007896c     Usermat.obj
 0002:00001970       __STRLITPACK_236           0000000180078970     Usermat.obj
 0002:00001974       __STRLITPACK_237           0000000180078974     Usermat.obj
 0002:00001978       __STRLITPACK_238           0000000180078978     Usermat.obj
 0002:0000197c       __STRLITPACK_239           000000018007897c     Usermat.obj
 0002:00001980       __STRLITPACK_240           0000000180078980     Usermat.obj
 0002:00001984       __STRLITPACK_241           0000000180078984     Usermat.obj
 0002:00001988       __STRLITPACK_242           0000000180078988     Usermat.obj
 0002:0000198c       __STRLITPACK_243           000000018007898c     Usermat.obj
 0002:00001990       __STRLITPACK_244           0000000180078990     Usermat.obj
 0002:00001994       __STRLITPACK_245           0000000180078994     Usermat.obj
 0002:00001998       __STRLITPACK_246           0000000180078998     Usermat.obj
 0002:0000199c       __STRLITPACK_247           000000018007899c     Usermat.obj
 0002:000019a0       __STRLITPACK_248           00000001800789a0     Usermat.obj
 0002:000019a4       __STRLITPACK_249           00000001800789a4     Usermat.obj
 0002:000019a8       __STRLITPACK_250           00000001800789a8     Usermat.obj
 0002:000019ac       __STRLITPACK_251           00000001800789ac     Usermat.obj
 0002:000019b0       __STRLITPACK_252           00000001800789b0     Usermat.obj
 0002:000019b4       __STRLITPACK_253           00000001800789b4     Usermat.obj
 0002:000019b8       __STRLITPACK_254           00000001800789b8     Usermat.obj
 0002:000019bc       __STRLITPACK_255           00000001800789bc     Usermat.obj
 0002:000019c0       __STRLITPACK_256           00000001800789c0     Usermat.obj
 0002:000019c4       __STRLITPACK_257           00000001800789c4     Usermat.obj
 0002:000019c8       __STRLITPACK_258           00000001800789c8     Usermat.obj
 0002:000019cc       __STRLITPACK_259           00000001800789cc     Usermat.obj
 0002:000019d0       __STRLITPACK_260           00000001800789d0     Usermat.obj
 0002:000019d4       __STRLITPACK_261           00000001800789d4     Usermat.obj
 0002:000019d8       __STRLITPACK_262           00000001800789d8     Usermat.obj
 0002:000019dc       __STRLITPACK_263           00000001800789dc     Usermat.obj
 0002:000019e0       __STRLITPACK_264           00000001800789e0     Usermat.obj
 0002:000019e4       __STRLITPACK_265           00000001800789e4     Usermat.obj
 0002:000019e8       __STRLITPACK_266           00000001800789e8     Usermat.obj
 0002:000019ec       __STRLITPACK_267           00000001800789ec     Usermat.obj
 0002:000019f0       __STRLITPACK_268           00000001800789f0     Usermat.obj
 0002:000019f4       __STRLITPACK_269           00000001800789f4     Usermat.obj
 0002:000019f8       __STRLITPACK_270           00000001800789f8     Usermat.obj
 0002:000019fc       __STRLITPACK_271           00000001800789fc     Usermat.obj
 0002:00001a00       __STRLITPACK_272           0000000180078a00     Usermat.obj
 0002:00001a04       __STRLITPACK_273           0000000180078a04     Usermat.obj
 0002:00001a08       __STRLITPACK_274           0000000180078a08     Usermat.obj
 0002:00001a0c       __STRLITPACK_275           0000000180078a0c     Usermat.obj
 0002:00001a10       __STRLITPACK_276           0000000180078a10     Usermat.obj
 0002:00001a14       __STRLITPACK_277           0000000180078a14     Usermat.obj
 0002:00001a18       __STRLITPACK_278           0000000180078a18     Usermat.obj
 0002:00001a1c       __STRLITPACK_279           0000000180078a1c     Usermat.obj
 0002:00001a20       __STRLITPACK_280           0000000180078a20     Usermat.obj
 0002:00001a24       __STRLITPACK_281           0000000180078a24     Usermat.obj
 0002:00001a28       __STRLITPACK_282           0000000180078a28     Usermat.obj
 0002:00001a2c       __STRLITPACK_283           0000000180078a2c     Usermat.obj
 0002:00001a30       __STRLITPACK_284           0000000180078a30     Usermat.obj
 0002:00001a34       __STRLITPACK_285           0000000180078a34     Usermat.obj
 0002:00001a38       __STRLITPACK_286           0000000180078a38     Usermat.obj
 0002:00001a3c       __STRLITPACK_287           0000000180078a3c     Usermat.obj
 0002:00001a40       __STRLITPACK_288           0000000180078a40     Usermat.obj
 0002:00001a44       __STRLITPACK_289           0000000180078a44     Usermat.obj
 0002:00001a48       __STRLITPACK_290           0000000180078a48     Usermat.obj
 0002:00001a4c       __STRLITPACK_291           0000000180078a4c     Usermat.obj
 0002:00001a50       __STRLITPACK_292           0000000180078a50     Usermat.obj
 0002:00001a54       __STRLITPACK_293           0000000180078a54     Usermat.obj
 0002:00001a58       __STRLITPACK_294           0000000180078a58     Usermat.obj
 0002:00001a5c       __STRLITPACK_295           0000000180078a5c     Usermat.obj
 0002:00001a64       __STRLITPACK_296           0000000180078a64     Usermat.obj
 0002:00001a6c       __STRLITPACK_297           0000000180078a6c     Usermat.obj
 0002:00001a74       __STRLITPACK_298           0000000180078a74     Usermat.obj
 0002:00001a7c       __RTCu_2$.8                0000000180078a7c     Usermat.obj
 0002:00001a8c       __RTCu_2$.9                0000000180078a8c     Usermat.obj
 0002:00001ab0       _2il0floatpacket.69        0000000180078ab0     Usermat.obj
 0002:00001b40       __STRLITPACK_299           0000000180078b40     Usermat.obj
 0002:00001bc0       __STRLITPACK_324           0000000180078bc0     Usermat.obj
 0002:00001c28       __STRLITPACK_300           0000000180078c28     Usermat.obj
 0002:00001c2c       __STRLITPACK_301           0000000180078c2c     Usermat.obj
 0002:00001c30       __STRLITPACK_302           0000000180078c30     Usermat.obj
 0002:00001c34       __STRLITPACK_303           0000000180078c34     Usermat.obj
 0002:00001c38       __STRLITPACK_304           0000000180078c38     Usermat.obj
 0002:00001c3c       __STRLITPACK_305           0000000180078c3c     Usermat.obj
 0002:00001c40       __STRLITPACK_306           0000000180078c40     Usermat.obj
 0002:00001c44       __STRLITPACK_307           0000000180078c44     Usermat.obj
 0002:00001c48       __STRLITPACK_308           0000000180078c48     Usermat.obj
 0002:00001c4c       __STRLITPACK_309           0000000180078c4c     Usermat.obj
 0002:00001c50       __STRLITPACK_310           0000000180078c50     Usermat.obj
 0002:00001c54       __STRLITPACK_311           0000000180078c54     Usermat.obj
 0002:00001c58       __STRLITPACK_312           0000000180078c58     Usermat.obj
[...]
 0002:00006c0c       __STRLITPACK_1330          000000018007dc0c     Usermat.obj
 0002:00006c18       __STRLITPACK_1331          000000018007dc18     Usermat.obj
 0002:00006c20       __STRLITPACK_1332          000000018007dc20     Usermat.obj
 0002:00006c28       __STRLITPACK_1333          000000018007dc28     Usermat.obj
 0002:00006c34       __STRLITPACK_1334          000000018007dc34     Usermat.obj
 0002:00006c40       __STRLITPACK_1335          000000018007dc40     Usermat.obj
 0002:00006c4c       __STRLITPACK_1336          000000018007dc4c     Usermat.obj
 0002:00006c58       __STRLITPACK_1337          000000018007dc58     Usermat.obj
 0002:00006c64       __STRLITPACK_1338          000000018007dc64     Usermat.obj
 0002:00006c70       __STRLITPACK_1339          000000018007dc70     Usermat.obj
 0002:00006c7c       __STRLITPACK_1340          000000018007dc7c     Usermat.obj
 0002:00006c88       __STRLITPACK_1341          000000018007dc88     Usermat.obj
 0002:00006c94       __STRLITPACK_1342          000000018007dc94     Usermat.obj
 0002:00006ca0       __STRLITPACK_1343          000000018007dca0     Usermat.obj
 0002:00006cac       __STRLITPACK_1344          000000018007dcac     Usermat.obj
 0002:00006cb8       __STRLITPACK_1345          000000018007dcb8     Usermat.obj
 0002:00006cc0       __STRLITPACK_1346          000000018007dcc0     Usermat.obj
 0002:00006cc8       __STRLITPACK_1347          000000018007dcc8     Usermat.obj
 0002:00006cd4       __STRLITPACK_1348          000000018007dcd4     Usermat.obj
 0002:00006ce0       __STRLITPACK_1349          000000018007dce0     Usermat.obj
 0002:00006ce8       __STRLITPACK_1350          000000018007dce8     Usermat.obj
 0002:00006cf0       __STRLITPACK_1351          000000018007dcf0     Usermat.obj
 0002:00006cf8       __STRLITPACK_1352          000000018007dcf8     Usermat.obj
 0002:00006d00       __STRLITPACK_1353          000000018007dd00     Usermat.obj
 0002:00006d08       __STRLITPACK_1354          000000018007dd08     Usermat.obj
 0002:00006d10       __STRLITPACK_1355          000000018007dd10     Usermat.obj
 0002:00006d18       __STRLITPACK_1356          000000018007dd18     Usermat.obj
 0002:00006d20       __STRLITPACK_1357          000000018007dd20     Usermat.obj
 0002:00006d28       __STRLITPACK_1358          000000018007dd28     Usermat.obj
 0002:00006d30       __STRLITPACK_1359          000000018007dd30     Usermat.obj
 0002:00006d38       __STRLITPACK_1360          000000018007dd38     Usermat.obj
 0002:00006d40       __STRLITPACK_1361          000000018007dd40     Usermat.obj
 0002:00006d48       __STRLITPACK_1362          000000018007dd48     Usermat.obj
 0002:00006d50       __STRLITPACK_1363          000000018007dd50     Usermat.obj
 0002:00006d5c       __STRLITPACK_1364          000000018007dd5c     Usermat.obj
 0002:00006d68       __STRLITPACK_1365          000000018007dd68     Usermat.obj
 0002:00006d74       __STRLITPACK_1366          000000018007dd74     Usermat.obj
 0002:00006d80       __STRLITPACK_1367          000000018007dd80     Usermat.obj
 0002:00006d8c       __STRLITPACK_1368          000000018007dd8c     Usermat.obj
 0002:00006d98       __STRLITPACK_1369          000000018007dd98     Usermat.obj
 0002:00006da4       __STRLITPACK_1370          000000018007dda4     Usermat.obj
 0002:00006db0       __STRLITPACK_1371          000000018007ddb0     Usermat.obj
 0002:00006db8       __STRLITPACK_1372          000000018007ddb8     Usermat.obj
 0002:00006dc0       __STRLITPACK_1373          000000018007ddc0     Usermat.obj
 0002:00006dc8       __STRLITPACK_1374          000000018007ddc8     Usermat.obj
 0002:00006dd0       __STRLITPACK_1375          000000018007ddd0     Usermat.obj
 0002:00006dd8       __STRLITPACK_1376          000000018007ddd8     Usermat.obj
 0002:00006de0       __STRLITPACK_1377          000000018007dde0     Usermat.obj
 0002:00006dec       __STRLITPACK_1378          000000018007ddec     Usermat.obj
 0002:00006df8       __STRLITPACK_1379          000000018007ddf8     Usermat.obj
 0002:00006e00       __STRLITPACK_1380          000000018007de00     Usermat.obj
 0002:00006e08       __STRLITPACK_1381          000000018007de08     Usermat.obj
 0002:00006e10       __STRLITPACK_1382          000000018007de10     Usermat.obj
 0002:00006e18       __STRLITPACK_1383          000000018007de18     Usermat.obj
 0002:00006e20       __STRLITPACK_1384          000000018007de20     Usermat.obj
 0002:00006e28       __STRLITPACK_1385          000000018007de28     Usermat.obj
 0002:00006e30       __STRLITPACK_1386          000000018007de30     Usermat.obj
 0002:00006e38       __STRLITPACK_1387          000000018007de38     Usermat.obj
 0002:00006e40       __STRLITPACK_1388          000000018007de40     Usermat.obj
 0002:00006e48       __STRLITPACK_1389          000000018007de48     Usermat.obj
 0002:00006e50       __STRLITPACK_1390          000000018007de50     Usermat.obj
 0002:00006e58       __STRLITPACK_1391          000000018007de58     Usermat.obj
 0002:00006e60       __STRLITPACK_1392          000000018007de60     Usermat.obj
 0002:00006e68       __STRLITPACK_1393          000000018007de68     Usermat.obj
 0002:00006e70       __STRLITPACK_1394          000000018007de70     Usermat.obj
 0002:00006e78       __STRLITPACK_1395          000000018007de78     Usermat.obj
 0002:00006e80       __STRLITPACK_1396          000000018007de80     Usermat.obj
 0002:00006e88       __STRLITPACK_1397          000000018007de88     Usermat.obj
 0002:00006e94       __STRLITPACK_1398          000000018007de94     Usermat.obj
 0002:00006ea0       __STRLITPACK_1399          000000018007dea0     Usermat.obj
 0002:00006eac       __STRLITPACK_1400          000000018007deac     Usermat.obj
 0002:00006eb8       __STRLITPACK_1401          000000018007deb8     Usermat.obj
 0002:00006ec4       __STRLITPACK_1402          000000018007dec4     Usermat.obj
 0002:00006ed0       __NLITPACK_5               000000018007ded0     Usermat.obj
 0002:00006ed4       __STRLITPACK_1403          000000018007ded4     Usermat.obj
 0002:00006ee0       __STRLITPACK_1404          000000018007dee0     Usermat.obj
 0002:00006eec       __STRLITPACK_1405          000000018007deec     Usermat.obj
 0002:00006ef8       __STRLITPACK_1406          000000018007def8     Usermat.obj
 0002:00006f04       __STRLITPACK_1407          000000018007df04     Usermat.obj
 0002:00006f10       __STRLITPACK_1408          000000018007df10     Usermat.obj
 0002:00006f1c       __STRLITPACK_1409          000000018007df1c     Usermat.obj
 0002:00006f24       __STRLITPACK_1410          000000018007df24     Usermat.obj
 0002:00006f30       __STRLITPACK_1411          000000018007df30     Usermat.obj
 0002:00006f3c       __STRLITPACK_1412          000000018007df3c     Usermat.obj
 0002:00006f44       __STRLITPACK_1413          000000018007df44     Usermat.obj
 0002:00006f50       __RTCu_2$.120              000000018007df50     Usermat.obj
 0002:00006f70       __RTCu_2$.121              000000018007df70     Usermat.obj
 0002:00006f90       __RTCu_2$.122              000000018007df90     Usermat.obj
 0002:00006fb0       __RTCu_2$.123              000000018007dfb0     Usermat.obj
 0002:00006fcc       __RTCu_2$.124              000000018007dfcc     Usermat.obj
 0002:00006fec       __RTCu_2$.125              000000018007dfec     Usermat.obj
 0002:0000700c       __RTCu_2$.126              000000018007e00c     Usermat.obj
 0002:0000702c       __RTCu_2$.127              000000018007e02c     Usermat.obj
 0002:0000704c       __RTCu_2$.128              000000018007e04c     Usermat.obj
 0002:0000706c       __RTCu_2$.129              000000018007e06c     Usermat.obj
 0002:00007088       __RTCu_2$.130              000000018007e088     Usermat.obj
 0002:000070a8       __RTCu_2$.131              000000018007e0a8     Usermat.obj
 0002:000070c8       __RTCu_2$.132              000000018007e0c8     Usermat.obj
 0002:000070e8       __RTCu_2$.133              000000018007e0e8     Usermat.obj
 0002:00007108       __RTCu_2$.134              000000018007e108     Usermat.obj
 0002:00007128       __RTCu_2$.135              000000018007e128     Usermat.obj
 0002:00007148       __RTCu_2$.136              000000018007e148     Usermat.obj
 0002:00007168       __RTCu_2$.137              000000018007e168     Usermat.obj
 0002:00007188       __RTCu_2$.138              000000018007e188     Usermat.obj
 0002:000071a8       __RTCu_2$.139              000000018007e1a8     Usermat.obj
 0002:00007200       __STRLITPACK_1414          000000018007e200     Usermat.obj
 0002:000072a0       __STRLITPACK_1415          000000018007e2a0     Usermat.obj
 0002:000072a8       __STRLITPACK_1220          000000018007e2a8     Usermat.obj
 0002:000072b8       __STRLITPACK_1222          000000018007e2b8     Usermat.obj
 0002:000072d4       __STRLITPACK_1224          000000018007e2d4     Usermat.obj
 0002:00007304       __STRLITPACK_1226          000000018007e304     Usermat.obj
 0002:00007324       __STRLITPACK_1228          000000018007e324     Usermat.obj
 0002:000088d0       ?_RTC_ErrorMessages@@3QBQEBDB 000000018007f8d0     MSVCRT:error.obj
 0002:00008900       ?_RTC_NoFalsePositives@@3QBHB 000000018007f900     MSVCRT:error.obj
 0002:00008918       ?stack_premsg@@3QBDB       000000018007f918     MSVCRT:error.obj
 0002:00008938       ?stack_postmsg@@3QBDB      000000018007f938     MSVCRT:error.obj
 0002:00008950       ?uninit_premsg@@3QBDB      000000018007f950     MSVCRT:error.obj
 0002:00008960       ?uninit_postmsg@@3QBDB     000000018007f960     MSVCRT:error.obj
 0002:00008ff8       ?_RTC_errlist@@3QBQEBDB    000000018007fff8     MSVCRT:userapi.obj
 0002:00009100       ?mspdbName@@3QB_WB         0000000180080100     MSVCRT:pdblkup.obj
 0002:000092b8       GS_ExceptionPointers       00000001800802b8     MSVCRT:gs_report.obj
 0002:00009db4       $unwind$_RTC_CheckStackVars 0000000180080db4     MSVCRT:stack.obj
 0002:00009dcc       $unwind$_RTC_CheckStackVars2 0000000180080dcc     MSVCRT:stack.obj
 0002:00009de8       $unwind$_RTC_AllocaHelper  0000000180080de8     MSVCRT:stack.obj
 0002:00009df0       $xdatasym                  0000000180080df0     MSVCRT:chkstk.obj
 0002:00009df8       $unwind$?dllmain_crt_process_attach@@YAHQEAUHINSTANCE__@@QEAX@Z 0000000180080df8     MSVCRT:dll_dllmain.obj
 0002:00009e3c       $unwind$?fin$0@?0??dllmain_crt_process_attach@@YAHQEAUHINSTANCE__@@QEAX@Z@4HA 0000000180080e3c     MSVCRT:dll_dllmain.obj
 0002:00009e44       $unwind$?dllmain_crt_process_detach@@YAH_N@Z 0000000180080e44     MSVCRT:dll_dllmain.obj
 0002:00009ea0       $unwind$?fin$0@?0??dllmain_crt_process_detach@@YAH_N@Z@4HA 0000000180080ea0     MSVCRT:dll_dllmain.obj
 0002:00009ea8       $unwind$?fin$1@?0??dllmain_crt_process_detach@@YAH_N@Z@4HA 0000000180080ea8     MSVCRT:dll_dllmain.obj
 0002:00009eb0       $unwind$?dllmain_crt_dispatch@@YAHQEAUHINSTANCE__@@KQEAX@Z 0000000180080eb0     MSVCRT:dll_dllmain.obj
 0002:00009eb8       $unwind$?dllmain_dispatch@@YAHQEAUHINSTANCE__@@KQEAX@Z 0000000180080eb8     MSVCRT:dll_dllmain.obj
 0002:00009ee4       $unwind$?filt$0@?0??dllmain_dispatch@@YAHQEAUHINSTANCE__@@KQEAX@Z@4HA 0000000180080ee4     MSVCRT:dll_dllmain.obj
 0002:00009eec       $unwind$_DllMainCRTStartup 0000000180080eec     MSVCRT:dll_dllmain.obj
 0002:00009f00       $unwind$_RTC_UninitUse     0000000180080f00     MSVCRT:error.obj
 0002:00009f20       $unwind$?_RTC_Failure@@YAXPEAXH@Z 0000000180080f20     MSVCRT:error.obj
 0002:00009f28       $unwind$?_RTC_StackFailure@@YAXPEAXPEBD@Z 0000000180080f28     MSVCRT:error.obj
 0002:00009f48       $unwind$?_RTC_AllocaFailure@@YAXPEAXPEAU_RTC_ALLOCA_NODE@@H@Z 0000000180080f48     MSVCRT:error.obj
 0002:00009f70       $unwind$_vsprintf_s_l      0000000180080f70     MSVCRT:error.obj
 0002:00009f88       $unwind$sprintf_s          0000000180080f88     MSVCRT:error.obj
 0002:00009f9c       $unwind$?notify_debugger@@YAXAEBUtagEXCEPTION_VISUALCPP_DEBUG_INFO@@@Z 0000000180080f9c     MSVCRT:error.obj
 0002:00009fc0       $unwind$?filt$0@?0??notify_debugger@@YAXAEBUtagEXCEPTION_VISUALCPP_DEBUG_INFO@@@Z@4HA 0000000180080fc0     MSVCRT:error.obj
 0002:00009fc8       $unwind$?DebuggerProbe@@YA_NK@Z 0000000180080fc8     MSVCRT:error.obj
 0002:00009fd0       $unwind$?DebuggerRuntime@@YA_NKHPEAXPEB_W@Z 0000000180080fd0     MSVCRT:error.obj
 0002:00009fd8       $unwind$?failwithmessage@@YAXPEAXHHPEBD@Z 0000000180080fd8     MSVCRT:error.obj
 0002:00009ffc       $unwind$?_getMemBlockDataString@@YAXPEAD0PEBD_K@Z 0000000180080ffc     MSVCRT:error.obj
 0002:0000a01c       $unwind$__security_init_cookie 000000018008101c     MSVCRT:gs_support.obj
 0002:0000a02c       $unwind$__get_entropy      000000018008102c     MSVCRT:gs_support.obj
 0002:0000a034       $unwind$DllMain            0000000180081034     MSVCRT:dll_dllmain_stub.obj
 0002:0000a03c       $unwind$__scrt_initialize_default_local_stdio_options 000000018008103c     MSVCRT:default_local_stdio_options.obj
 0002:0000a044       $unwind$atexit             0000000180081044     MSVCRT:utility.obj
 0002:0000a04c       $unwind$_onexit            000000018008104c     MSVCRT:utility.obj
 0002:0000a054       $unwind$__scrt_is_nonwritable_in_current_image 0000000180081054     MSVCRT:utility.obj
 0002:0000a078       $unwind$__scrt_is_nonwritable_in_current_image$filt$0 0000000180081078     MSVCRT:utility.obj
 0002:0000a080       $unwind$__scrt_acquire_startup_lock 0000000180081080     MSVCRT:utility.obj
 0002:0000a088       $unwind$__scrt_release_startup_lock 0000000180081088     MSVCRT:utility.obj
 0002:0000a090       $unwind$__scrt_initialize_crt 0000000180081090     MSVCRT:utility.obj
 0002:0000a098       $unwind$__scrt_uninitialize_crt 0000000180081098     MSVCRT:utility.obj
 0002:0000a0a0       $unwind$__scrt_initialize_onexit_tables 00000001800810a0     MSVCRT:utility.obj
 0002:0000a0a8       $unwind$__scrt_dllmain_exception_filter 00000001800810a8     MSVCRT:utility.obj
 0002:0000a0c0       $unwind$__scrt_dllmain_before_initialize_c 00000001800810c0     MSVCRT:utility.obj
 0002:0000a0c8       $unwind$__scrt_dllmain_after_initialize_c 00000001800810c8     MSVCRT:utility.obj
 0002:0000a0d0       $unwind$__scrt_dllmain_uninitialize_c 00000001800810d0     MSVCRT:utility.obj
 0002:0000a0d8       $unwind$__scrt_dllmain_uninitialize_critical 00000001800810d8     MSVCRT:utility.obj
 0002:0000a0e0       $unwind$__scrt_dllmain_crt_thread_attach 00000001800810e0     MSVCRT:utility.obj
 0002:0000a0e8       $unwind$__scrt_dllmain_crt_thread_detach 00000001800810e8     MSVCRT:utility.obj
 0002:0000a0f0       $unwind$?configure_argv@__scrt_narrow_argv_policy@@SAHXZ 00000001800810f0     MSVCRT:utility.obj
 0002:0000a0f8       $unwind$__scrt_get_show_window_mode 00000001800810f8     MSVCRT:utility_desktop.obj
 0002:0000a100       $unwind$__scrt_is_managed_app 0000000180081100     MSVCRT:utility_desktop.obj
 0002:0000a108       $unwind$__scrt_fastfail    0000000180081108     MSVCRT:utility_desktop.obj
 0002:0000a11c       $unwind$__scrt_unhandled_exception_filter 000000018008111c     MSVCRT:utility_desktop.obj
 0002:0000a12c       $unwind$_RTC_Initialize    000000018008112c     MSVCRT:initsect.obj
 0002:0000a13c       $unwind$_RTC_Terminate     000000018008113c     MSVCRT:initsect.obj
 0002:0000a14c       $unwind$?_RTC_GetSrcLine@@YAHPEAEPEA_WKPEAH1K@Z 000000018008114c     MSVCRT:pdblkup.obj
 0002:0000a168       $unwind$?GetPdbDllFromInstallPath@@YAPEAUHINSTANCE__@@XZ 0000000180081168     MSVCRT:pdblkup.obj
 0002:0000a190       $unwind$?GetPdbDll@@YAPEAUHINSTANCE__@@XZ 0000000180081190     MSVCRT:pdblkup.obj
 0002:0000a198       $unwind$__GSHandlerCheckCommon 0000000180081198     MSVCRT:gshandler.obj
 0002:0000a1a0       $unwind$__GSHandlerCheck   00000001800811a0     MSVCRT:gshandler.obj
 0002:0000a1a8       $xdatasym                  00000001800811a8     MSVCRT:amdsecgs.obj
 0002:0000a1ac       $unwind$__isa_available_init 00000001800811ac     MSVCRT:cpu_disp.obj
 0002:0000a1c0       $xdatasym                  00000001800811c0     MSVCRT:guard_dispatch.obj
 0002:0000a1c8       $xdatasym                  00000001800811c8     MSVCRT:guard_xfg_dispatch.obj
 0002:0000a1cc       $unwind$__report_securityfailure 00000001800811cc     MSVCRT:gs_report.obj
 0002:0000a1d4       $unwind$__report_securityfailureEx 00000001800811d4     MSVCRT:gs_report.obj
 0002:0000a1dc       $unwind$__report_rangecheckfailure 00000001800811dc     MSVCRT:gs_report.obj
 0002:0000a1e4       $unwind$__report_gsfailure 00000001800811e4     MSVCRT:gs_report.obj
 0002:0000a1ec       $unwind$capture_current_context 00000001800811ec     MSVCRT:gs_report.obj
 0002:0000a1fc       $unwind$capture_previous_context 00000001800811fc     MSVCRT:gs_report.obj
 0002:0000a20c       $unwind$__raise_securityfailure 000000018008120c     MSVCRT:gs_report.obj
 0002:0000a450       .edata                     0000000180081450     usermatLib.exp
 0002:0000a478       rgpv                       0000000180081478     usermatLib.exp
 0002:0000a47c       rgszName                   000000018008147c     usermatLib.exp
 0002:0000a480       rgwOrd                     0000000180081480     usermatLib.exp
 0002:0000a482       szName                     0000000180081482     usermatLib.exp
 0002:0000a491       $N00001                    0000000180081491     usermatLib.exp
 0003:00000000       USERMAT3D_VM_ANSYS$G       0000000180082000     Usermat.obj
 0003:00000030       USERMAT3D_VE_CONCRETO$G    0000000180082030     Usermat.obj
 0003:00000200       USERMAT$VAR2               0000000180082200     Usermat.obj
 0003:00000208       USERMAT$VAR1               0000000180082208     Usermat.obj
 0003:00000214       ?__proc_attached@@3HA      0000000180082214     MSVCRT:dll_dllmain.obj
 0003:00000268       ?is_initialized_as_dll@@3_NA 0000000180082268     MSVCRT:utility.obj
 0003:00000269       ?module_local_atexit_table_initialized@@3_NA 0000000180082269     MSVCRT:utility.obj
 0003:00000270       ?module_local_atexit_table@@3U_onexit_table_t@@A 0000000180082270     MSVCRT:utility.obj
 0003:00000288       ?module_local_at_quick_exit_table@@3U_onexit_table_t@@A 0000000180082288     MSVCRT:utility.obj
 0003:000002b8       ?_RTC_ErrorReportFunc@@3P6AHHPEBDH00ZZEA 00000001800822b8     MSVCRT:userapi.obj
 0003:000002c0       ?_RTC_ErrorReportFuncW@@3P6AHHPEB_WH00ZZEA 00000001800822c0     MSVCRT:userapi.obj
 0003:000002d0       ?mspdb@@3PEAUHINSTANCE__@@EA 00000001800822d0     MSVCRT:pdblkup.obj
 0003:000002d9       ?alreadyTried@?1??GetPdbDll@@YAPEAUHINSTANCE__@@XZ@4_NA 00000001800822d9     MSVCRT:pdblkup.obj
 0003:000002da       ?PDBOK@?1??_RTC_GetSrcLine@@YAHPEAEPEA_WKPEAH1K@Z@4_NA 00000001800822da     MSVCRT:pdblkup.obj
 0003:000002e0       GS_ExceptionRecord         00000001800822e0     MSVCRT:gs_report.obj
 0003:00000380       GS_ContextRecord           0000000180082380     MSVCRT:gs_report.obj
 0005:00000b5e       .idata$6                   0000000180084b5e     ANSYS:ANSYS.exe
 0005:00000bde       .idata$6                   0000000180084bde     libifcoremd:libifcoremd.dll
 0005:00000c22       .idata$6                   0000000180084c22     libmmd:libmmd.dll
 0005:00000e62       .idata$6                   0000000180084e62     kernel32:KERNEL32.dll
 0005:00000f3a       .idata$6                   0000000180084f3a     vcruntime:VCRUNTIME140.dll
 0005:00001072       .idata$6                   0000000180085072     ucrt:api-ms-win-crt-runtime-l1-1-0.dll
 0005:00001094       .idata$6                   0000000180085094     ucrt:api-ms-win-crt-string-l1-1-0.dll
 0005:000010b6       .idata$6                   00000001800850b6     ucrt:api-ms-win-crt-stdio-l1-1-0.dll
 0008:00000170       $R000000                   0000000180089170     * linker generated manifest res *
